Archive member included because of file (symbol)

c:/program files (x86)/atollic/truestudio for arm 5.4.0/armtools/bin/../lib/gcc/arm-atollic-eabi/4.8.3/../../../../arm-atollic-eabi/lib/armv6-m\libc_s.a(lib_a-init.o)
                              src\startup_stm32f0xx.o (__libc_init_array)
c:/program files (x86)/atollic/truestudio for arm 5.4.0/armtools/bin/../lib/gcc/arm-atollic-eabi/4.8.3/../../../../arm-atollic-eabi/lib/armv6-m\libc_s.a(lib_a-memcpy-stub.o)
                              src\getline.o (memcpy)
c:/program files (x86)/atollic/truestudio for arm 5.4.0/armtools/bin/../lib/gcc/arm-atollic-eabi/4.8.3/../../../../arm-atollic-eabi/lib/armv6-m\libc_s.a(lib_a-strcmp.o)
                              src\cmdproc.o (strcmp)
c:/program files (x86)/atollic/truestudio for arm 5.4.0/armtools/bin/../lib/gcc/arm-atollic-eabi/4.8.3/../../../../arm-atollic-eabi/lib/armv6-m\libc_s.a(lib_a-strlen.o)
                              src\getline.o (strlen)
c:/program files (x86)/atollic/truestudio for arm 5.4.0/armtools/bin/../lib/gcc/arm-atollic-eabi/4.8.3/../../../../arm-atollic-eabi/lib/armv6-m\libc_s.a(lib_a-strncpy.o)
                              src\cmdproc.o (strncpy)
c:/program files (x86)/atollic/truestudio for arm 5.4.0/armtools/bin/../lib/gcc/arm-atollic-eabi/4.8.3/../../../../arm-atollic-eabi/lib/armv6-m\libc_s.a(lib_a-strtoul.o)
                              src\main.o (strtoul)
c:/program files (x86)/atollic/truestudio for arm 5.4.0/armtools/bin/../lib/gcc/arm-atollic-eabi/4.8.3/../../../../arm-atollic-eabi/lib/armv6-m\libc_s.a(lib_a-ctype_.o)
                              c:/program files (x86)/atollic/truestudio for arm 5.4.0/armtools/bin/../lib/gcc/arm-atollic-eabi/4.8.3/../../../../arm-atollic-eabi/lib/armv6-m\libc_s.a(lib_a-strtoul.o) (__ctype_ptr__)
c:/program files (x86)/atollic/truestudio for arm 5.4.0/armtools/bin/../lib/gcc/arm-atollic-eabi/4.8.3/../../../../arm-atollic-eabi/lib/armv6-m\libc_s.a(lib_a-impure.o)
                              c:/program files (x86)/atollic/truestudio for arm 5.4.0/armtools/bin/../lib/gcc/arm-atollic-eabi/4.8.3/../../../../arm-atollic-eabi/lib/armv6-m\libc_s.a(lib_a-strtoul.o) (_impure_ptr)
c:/program files (x86)/atollic/truestudio for arm 5.4.0/armtools/bin/../lib/gcc/arm-atollic-eabi/4.8.3/armv6-m\libgcc.a(_thumb1_case_sqi.o)
                              src\i2c.o (__gnu_thumb1_case_sqi)
c:/program files (x86)/atollic/truestudio for arm 5.4.0/armtools/bin/../lib/gcc/arm-atollic-eabi/4.8.3/armv6-m\libgcc.a(_thumb1_case_uqi.o)
                              src\mybus.o (__gnu_thumb1_case_uqi)
c:/program files (x86)/atollic/truestudio for arm 5.4.0/armtools/bin/../lib/gcc/arm-atollic-eabi/4.8.3/armv6-m\libgcc.a(_udivsi3.o)
                              src\timer.o (__aeabi_uidiv)
c:/program files (x86)/atollic/truestudio for arm 5.4.0/armtools/bin/../lib/gcc/arm-atollic-eabi/4.8.3/armv6-m\libgcc.a(_divsi3.o)
                              src\se95.o (__aeabi_idiv)
c:/program files (x86)/atollic/truestudio for arm 5.4.0/armtools/bin/../lib/gcc/arm-atollic-eabi/4.8.3/armv6-m\libgcc.a(_dvmd_tls.o)
                              c:/program files (x86)/atollic/truestudio for arm 5.4.0/armtools/bin/../lib/gcc/arm-atollic-eabi/4.8.3/armv6-m\libgcc.a(_udivsi3.o) (__aeabi_idiv0)
c:/program files (x86)/atollic/truestudio for arm 5.4.0/armtools/bin/../lib/gcc/arm-atollic-eabi/4.8.3/armv6-m\libgcc.a(divdf3.o)
                              src\DHT22_delay.o (__aeabi_ddiv)
c:/program files (x86)/atollic/truestudio for arm 5.4.0/armtools/bin/../lib/gcc/arm-atollic-eabi/4.8.3/armv6-m\libgcc.a(floatsidf.o)
                              src\DHT22_delay.o (__aeabi_i2d)
c:/program files (x86)/atollic/truestudio for arm 5.4.0/armtools/bin/../lib/gcc/arm-atollic-eabi/4.8.3/armv6-m\libgcc.a(truncdfsf2.o)
                              src\DHT22_delay.o (__aeabi_d2f)
c:/program files (x86)/atollic/truestudio for arm 5.4.0/armtools/bin/../lib/gcc/arm-atollic-eabi/4.8.3/armv6-m\libgcc.a(_clzsi2.o)
                              c:/program files (x86)/atollic/truestudio for arm 5.4.0/armtools/bin/../lib/gcc/arm-atollic-eabi/4.8.3/armv6-m\libgcc.a(divdf3.o) (__clzsi2)

Allocating common symbols
Common symbol       size              file

timerreadmodaddr    0x4               src\mybus.o
time_from_start     0x4               src\mybus.o
timer_delay         0x4               src\ds1820.o
stx_rx_timer        0x4               src\mybus.o
main_timer          0x4               src\SLED.o
data_cnt            0x4               src\one_wire.o
temp2               0x1               src\ds1820.o
dht_temp            0x4               src\main.o
timer_temp_print    0x4               src\main.o
cfg_ok              0x4               src\mybus.o
usart2_tx_fifo      0xff              src\usart2.o
timer_led           0x4               src\main.o
tmp32               0x4               src\mybus.o
state_timer         0x4               src\SW_PWM.o
rx                  0x34              src\mybus.o
[...]
Memory Configuration

Name             Origin             Length             Attributes
FLASH            0x08000000         0x00010000         xr
RAM              0x200000c0         0x00001f40         xrw
MEMORY_B1        0x60000000         0x00000000         xr
*default*        0x00000000         0xffffffff

Linker script and memory map

LOAD c:/program files (x86)/atollic/truestudio for arm 5.4.0/armtools/bin/../lib/gcc/arm-atollic-eabi/4.8.3/armv6-m/crti.o
LOAD c:/program files (x86)/atollic/truestudio for arm 5.4.0/armtools/bin/../lib/gcc/arm-atollic-eabi/4.8.3/armv6-m/crtbegin.o
LOAD src\usart2.o
LOAD src\usart1.o
LOAD src\usart.o
LOAD src\timer3.o
LOAD src\timer.o
LOAD src\system_stm32f0xx.o
LOAD src\stm32f0xx_it.o
LOAD src\startup_stm32f0xx.o
LOAD src\se95.o
LOAD src\printf.o
LOAD src\one_wire.o
LOAD src\mybus.o
LOAD src\main.o
LOAD src\i2c.o
LOAD src\getline.o
LOAD src\flash_if.o
LOAD src\ds1820.o
LOAD src\crc16.o
LOAD src\cmdproc.o
LOAD src\bootloader.o
LOAD src\SW_PWM.o
LOAD src\SLED.o
LOAD src\DHT22_delay.o
LOAD src\DHT22.o
LOAD Libraries\STM32F0xx_StdPeriph_Driver\src\stm32f0xx_wwdg.o
LOAD Libraries\STM32F0xx_StdPeriph_Driver\src\stm32f0xx_usart.o
LOAD Libraries\STM32F0xx_StdPeriph_Driver\src\stm32f0xx_tim.o
LOAD Libraries\STM32F0xx_StdPeriph_Driver\src\stm32f0xx_syscfg.o
LOAD Libraries\STM32F0xx_StdPeriph_Driver\src\stm32f0xx_spi.o
LOAD Libraries\STM32F0xx_StdPeriph_Driver\src\stm32f0xx_rtc.o
LOAD Libraries\STM32F0xx_StdPeriph_Driver\src\stm32f0xx_rcc.o
LOAD Libraries\STM32F0xx_StdPeriph_Driver\src\stm32f0xx_pwr.o
LOAD Libraries\STM32F0xx_StdPeriph_Driver\src\stm32f0xx_misc.o
LOAD Libraries\STM32F0xx_StdPeriph_Driver\src\stm32f0xx_iwdg.o
LOAD Libraries\STM32F0xx_StdPeriph_Driver\src\stm32f0xx_i2c.o
LOAD Libraries\STM32F0xx_StdPeriph_Driver\src\stm32f0xx_gpio.o
LOAD Libraries\STM32F0xx_StdPeriph_Driver\src\stm32f0xx_flash.o
LOAD Libraries\STM32F0xx_StdPeriph_Driver\src\stm32f0xx_exti.o
LOAD Libraries\STM32F0xx_StdPeriph_Driver\src\stm32f0xx_dma.o
LOAD Libraries\STM32F0xx_StdPeriph_Driver\src\stm32f0xx_dbgmcu.o
LOAD Libraries\STM32F0xx_StdPeriph_Driver\src\stm32f0xx_dac.o
LOAD Libraries\STM32F0xx_StdPeriph_Driver\src\stm32f0xx_crs.o
LOAD Libraries\STM32F0xx_StdPeriph_Driver\src\stm32f0xx_crc.o
LOAD Libraries\STM32F0xx_StdPeriph_Driver\src\stm32f0xx_comp.o
LOAD Libraries\STM32F0xx_StdPeriph_Driver\src\stm32f0xx_cec.o
LOAD Libraries\STM32F0xx_StdPeriph_Driver\src\stm32f0xx_can.o
LOAD Libraries\STM32F0xx_StdPeriph_Driver\src\stm32f0xx_adc.o
START GROUP
LOAD c:/program files (x86)/atollic/truestudio for arm 5.4.0/armtools/bin/../lib/gcc/arm-atollic-eabi/4.8.3/../../../../arm-atollic-eabi/lib/armv6-m\libc_s.a
LOAD c:/program files (x86)/atollic/truestudio for arm 5.4.0/armtools/bin/../lib/gcc/arm-atollic-eabi/4.8.3/../../../../arm-atollic-eabi/lib/armv6-m\libm.a
END GROUP
                0x00001000                malloc_getpagesize_P = 0x1000
START GROUP
LOAD c:/program files (x86)/atollic/truestudio for arm 5.4.0/armtools/bin/../lib/gcc/arm-atollic-eabi/4.8.3/armv6-m\libgcc.a
LOAD c:/program files (x86)/atollic/truestudio for arm 5.4.0/armtools/bin/../lib/gcc/arm-atollic-eabi/4.8.3/../../../../arm-atollic-eabi/lib/armv6-m\libc.a
END GROUP
LOAD c:/program files (x86)/atollic/truestudio for arm 5.4.0/armtools/bin/../lib/gcc/arm-atollic-eabi/4.8.3/armv6-m/crtend.o
LOAD c:/program files (x86)/atollic/truestudio for arm 5.4.0/armtools/bin/../lib/gcc/arm-atollic-eabi/4.8.3/armv6-m/crtn.o
                0x20002000                _estack = 0x20002000
                0x00000000                _Min_Heap_Size = 0x0
                0x00000080                _Min_Stack_Size = 0x80

.trampoline     0x08000000       0x1c
                0x08000000                . = ALIGN (0x4)
 *(.trampoline)
 .trampoline    0x08000000       0x1c src\startup_stm32f0xx.o
                0x08000000                trampoline
                0x08000008                trampolinejump
                0x0800001c                . = ALIGN (0x4)

.isr_vector     0x08005000       0xc0
                0x08005000                . = ALIGN (0x4)
 *(.isr_vector)
 .isr_vector    0x08005000       0xc0 src\startup_stm32f0xx.o
                0x08005000                g_pfnVectors
                0x080050c0                . = ALIGN (0x4)

.text           0x080050c0     0x2b48
                0x080050c0                . = ALIGN (0x4)
 *(.text)
 .text          0x080050c0       0x48 c:/program files (x86)/atollic/truestudio for arm 5.4.0/armtools/bin/../lib/gcc/arm-atollic-eabi/4.8.3/armv6-m/crtbegin.o
 .text          0x08005108       0x14 c:/program files (x86)/atollic/truestudio for arm 5.4.0/armtools/bin/../lib/gcc/arm-atollic-eabi/4.8.3/../../../../arm-atollic-eabi/lib/armv6-m\libc_s.a(lib_a-strcmp.o)
                0x08005108                strcmp
 .text          0x0800511c       0x14 c:/program files (x86)/atollic/truestudio for arm 5.4.0/armtools/bin/../lib/gcc/arm-atollic-eabi/4.8.3/armv6-m\libgcc.a(_thumb1_case_sqi.o)
                0x0800511c                __gnu_thumb1_case_sqi
 .text          0x08005130       0x14 c:/program files (x86)/atollic/truestudio for arm 5.4.0/armtools/bin/../lib/gcc/arm-atollic-eabi/4.8.3/armv6-m\libgcc.a(_thumb1_case_uqi.o)
                0x08005130                __gnu_thumb1_case_uqi
 .text          0x08005144       0x9c c:/program files (x86)/atollic/truestudio for arm 5.4.0/armtools/bin/../lib/gcc/arm-atollic-eabi/4.8.3/armv6-m\libgcc.a(_udivsi3.o)
                0x08005144                __aeabi_uidiv
                0x08005144                __udivsi3
                0x080051cc                __aeabi_uidivmod
 .text          0x080051e0       0xc0 c:/program files (x86)/atollic/truestudio for arm 5.4.0/armtools/bin/../lib/gcc/arm-atollic-eabi/4.8.3/armv6-m\libgcc.a(_divsi3.o)
                0x080051e0                __divsi3
                0x080051e0                __aeabi_idiv
                0x0800528c                __aeabi_idivmod
 .text          0x080052a0        0x4 c:/program files (x86)/atollic/truestudio for arm 5.4.0/armtools/bin/../lib/gcc/arm-atollic-eabi/4.8.3/armv6-m\libgcc.a(_dvmd_tls.o)
                0x080052a0                __aeabi_idiv0
                0x080052a0                __aeabi_ldiv0
 *(.text*)
 .text.USART2_IRQHandler
                0x080052a4       0x10 src\usart2.o
                0x080052a4                USART2_IRQHandler
 .text.usart2_init
                0x080052b4       0x38 src\usart2.o
                0x080052b4                usart2_init
 .text.usart2_putchar
                0x080052ec       0x10 src\usart2.o
                0x080052ec                usart2_putchar
 .text.usart2_getchar
                0x080052fc       0x10 src\usart2.o
                0x080052fc                usart2_getchar
 .text.usart2_rxlen
                0x0800530c       0x10 src\usart2.o
                0x0800530c                usart2_rxlen
 .text.USART1_IRQHandler
                0x0800531c       0x10 src\usart1.o
                0x0800531c                USART1_IRQHandler
 .text.usart1_init
                0x0800532c       0x34 src\usart1.o
                0x0800532c                usart1_init
 .text.usart1_deinit
                0x08005360       0x12 src\usart1.o
                0x08005360                usart1_deinit
 *fill*         0x08005372        0x2 
 .text.usart1_putchar
                0x08005374       0x10 src\usart1.o
                0x08005374                usart1_putchar
 .text.usart1_getchar
                0x08005384       0x10 src\usart1.o
                0x08005384                usart1_getchar
 .text.usart1_rxlen
                0x08005394       0x10 src\usart1.o
                0x08005394                usart1_rxlen
 .text.USART_init
                0x080053a4       0xf0 src\usart.o
                0x080053a4                USART_init
 .text.USART_rbufflen
                0x08005494        0xa src\usart.o
                0x08005494                USART_rbufflen
 *fill*         0x0800549e        0x2 
 .text.USART_IRQHandler
                0x080054a0       0x88 src\usart.o
                0x080054a0                USART_IRQHandler
 .text.USART_tbufflen
                0x08005528        0xa src\usart.o
                0x08005528                USART_tbufflen
 *fill*         0x08005532        0x2 
 .text.USART_putchar
                0x08005534       0x50 src\usart.o
                0x08005534                USART_putchar
 .text.USART_getchar
                0x08005584       0x2a src\usart.o
                0x08005584                USART_getchar
 *fill*         0x080055ae        0x2 
 .text.timer3_init
                0x080055b0       0x90 src\timer3.o
                0x080055b0                timer3_init
 .text.timer3_stop
                0x08005640       0x10 src\timer3.o
                0x08005640                timer3_stop
 .text.TIM3_IRQHandler
                0x08005650       0x2c src\timer3.o
                0x08005650                TIM3_IRQHandler
 .text.timer3_set
                0x0800567c       0x28 src\timer3.o
                0x0800567c                timer3_set
 .text.timer_init
                0x080056a4       0x4c src\timer.o
                0x080056a4                timer_init
 .text.SysTick_Handler
                0x080056f0       0x40 src\timer.o
                0x080056f0                SysTick_Handler
 .text.timeout  0x08005730       0x24 src\timer.o
                0x08005730                timeout
 .text.timeout_10us
                0x08005754       0x24 src\timer.o
                0x08005754                timeout_10us
 .text.delay    0x08005778       0x20 src\timer.o
                0x08005778                delay
 .text.SystemInit
                0x08005798       0xf4 src\system_stm32f0xx.o
                0x08005798                SystemInit
 .text.SystemCoreClockUpdate
                0x0800588c       0x6c src\system_stm32f0xx.o
                0x0800588c                SystemCoreClockUpdate
 .text.NMI_Handler
                0x080058f8        0x2 src\stm32f0xx_it.o
                0x080058f8                NMI_Handler
 .text.HardFault_Handler
                0x080058fa        0x2 src\stm32f0xx_it.o
                0x080058fa                HardFault_Handler
 .text.SVC_Handler
                0x080058fc        0x2 src\stm32f0xx_it.o
                0x080058fc                SVC_Handler
 .text.PendSV_Handler
                0x080058fe        0x2 src\stm32f0xx_it.o
                0x080058fe                PendSV_Handler
 .text.Reset_Handler
                0x08005900       0x50 src\startup_stm32f0xx.o
                0x08005900                Reset_Handler
 .text.Default_Handler
                0x08005950        0x2 src\startup_stm32f0xx.o
                0x08005950                TIM1_CC_IRQHandler
                0x08005950                ADC1_COMP_IRQHandler
                0x08005950                PVD_IRQHandler
                0x08005950                I2C1_IRQHandler
                0x08005950                SPI1_IRQHandler
                0x08005950                TIM6_DAC_IRQHandler
                0x08005950                EXTI2_3_IRQHandler
                0x08005950                TIM17_IRQHandler
                0x08005950                RTC_IRQHandler
                0x08005950                TIM16_IRQHandler
                0x08005950                EXTI4_15_IRQHandler
                0x08005950                RCC_IRQHandler
                0x08005950                DMA1_Channel1_IRQHandler
                0x08005950                Default_Handler
                0x08005950                CEC_IRQHandler
                0x08005950                TIM14_IRQHandler
                0x08005950                DMA1_Channel4_5_IRQHandler
                0x08005950                TIM15_IRQHandler
                0x08005950                EXTI0_1_IRQHandler
                0x08005950                SPI2_IRQHandler
                0x08005950                TS_IRQHandler
                0x08005950                WWDG_IRQHandler
                0x08005950                TIM2_IRQHandler
                0x08005950                DMA1_Channel2_3_IRQHandler
                0x08005950                FLASH_IRQHandler
                0x08005950                TIM1_BRK_UP_TRG_COM_IRQHandler
 *fill*         0x08005952        0x2 
 .text.se95_main
                0x08005954       0x64 src\se95.o
                0x08005954                se95_main
 .text.printchar
                0x080059b8       0x40 src\printf.o
 .text.prints   0x080059f8       0x80 src\printf.o
 .text.printi   0x08005a78       0xaa src\printf.o
                0x08005a78                printi
 *fill*         0x08005b22        0x2 
 .text.print    0x08005b24      0x118 src\printf.o
                0x08005b24                print
 .text.mprintf  0x08005c3c       0x20 src\printf.o
                0x08005c3c                mprintf
 .text.one_wire_main_int
                0x08005c5c      0x128 src\one_wire.o
                0x08005c5c                one_wire_main_int
 .text.printchr
                0x08005d84        0xa src\mybus.o
                0x08005d84                printchr
 .text.mybus_put_long
                0x08005d8e       0x12 src\mybus.o
                0x08005d8e                mybus_put_long
 .text.tx_data  0x08005da0       0xd8 src\mybus.o
                0x08005da0                tx_data
 .text.mybus_init
                0x08005e78       0x7c src\mybus.o
                0x08005e78                mybus_init
 .text.mybus_make_tx_header
                0x08005ef4       0x24 src\mybus.o
                0x08005ef4                mybus_make_tx_header
 .text.mybus_main
                0x08005f18      0x364 src\mybus.o
                0x08005f18                mybus_main
 .text.cmd_stats
                0x0800627c       0x70 src\mybus.o
                0x0800627c                cmd_stats
 .text.cmd_enter_bl
                0x080062ec       0x14 src\mybus.o
                0x080062ec                cmd_enter_bl
 .text.gpio_init
                0x08006300      0x1c8 src\main.o
                0x08006300                gpio_init
 .text.startup.main
                0x080064c8      0x190 src\main.o
                0x080064c8                main
 .text.cmd_print_temp
                0x08006658       0x4c src\main.o
                0x08006658                cmd_print_temp
 .text.cmd_reset
                0x080066a4        0xa src\main.o
                0x080066a4                cmd_reset
 *fill*         0x080066ae        0x2 
 .text.cmd_set_pwm
                0x080066b0       0x28 src\main.o
                0x080066b0                cmd_set_pwm
 .text.I2C2_IRQHandler
                0x080066d8      0x17c src\i2c.o
                0x080066d8                I2C2_IRQHandler
 .text.I2C2_init
                0x08006854       0xa4 src\i2c.o
                0x08006854                I2C2_init
 .text.I2C_Read
                0x080068f8       0x70 src\i2c.o
                0x080068f8                I2C_Read
 .text.i2c_main
                0x08006968       0x2c src\i2c.o
                0x08006968                i2c_main
 .text.i2c_last_transaction_valid
                0x08006994       0x14 src\i2c.o
                0x08006994                i2c_last_transaction_valid
 .text.erase_chars
                0x080069a8       0x20 src\getline.o
                0x080069a8                erase_chars
 .text.getline  0x080069c8      0x118 src\getline.o
                0x080069c8                getline
 .text.bla      0x08006ae0       0x50 src\getline.o
                0x08006ae0                bla
 .text.FLASH_If_Init
                0x08006b30        0xe src\flash_if.o
                0x08006b30                FLASH_If_Init
 *fill*         0x08006b3e        0x2 
 .text.FLASH_If_Write
                0x08006b40       0x60 src\flash_if.o
                0x08006b40                FLASH_If_Write
 .text.crc16_n  0x08006ba0       0x2c src\crc16.o
                0x08006ba0                crc16_n
 .text.help     0x08006bcc       0xb8 src\cmdproc.o
                0x08006bcc                help
 .text.cmd_proc
                0x08006c84       0x84 src\cmdproc.o
                0x08006c84                cmd_proc
 .text.copy_vector_table_sram
                0x08006d08       0x30 src\bootloader.o
                0x08006d08                copy_vector_table_sram
 .text.resetcpu
                0x08006d38       0x14 src\bootloader.o
                0x08006d38                resetcpu
 .text.write_RS485addr_to_flash
                0x08006d4c       0x54 src\bootloader.o
                0x08006d4c                write_RS485addr_to_flash
 .text.get_RS485addr_from_flash
                0x08006da0       0x18 src\bootloader.o
                0x08006da0                get_RS485addr_from_flash
 .text.enter_bootloader
                0x08006db8       0x70 src\bootloader.o
                0x08006db8                enter_bootloader
 .text.cmd_set_rs485_addr
                0x08006e28       0x3c src\bootloader.o
                0x08006e28                cmd_set_rs485_addr
 .text.set_pwm  0x08006e64       0x48 src\SW_PWM.o
                0x08006e64                set_pwm
 .text.sw_pwm_main
                0x08006eac      0x138 src\SW_PWM.o
                0x08006eac                sw_pwm_main
 .text.SLED_init
                0x08006fe4       0x1c src\SLED.o
                0x08006fe4                SLED_init
 .text.set_output_led
                0x08007000       0x2c src\SLED.o
                0x08007000                set_output_led
 .text.sample_inputs
                0x0800702c       0x70 src\SLED.o
                0x0800702c                sample_inputs
 .text.set_led_state
                0x0800709c       0x1c src\SLED.o
                0x0800709c                set_led_state
 .text.set_all_led_state
                0x080070b8       0x20 src\SLED.o
                0x080070b8                set_all_led_state
 .text.SLED_main
                0x080070d8      0x170 src\SLED.o
                0x080070d8                SLED_main
 .text.cmd_set_leds_up
                0x08007248        0xc src\SLED.o
                0x08007248                cmd_set_leds_up
 .text.cmd_set_leds_down
                0x08007254        0xc src\SLED.o
                0x08007254                cmd_set_leds_down
 .text.DHT_main_int
                0x08007260       0x58 src\DHT22.o
                0x08007260                DHT_main_int
 .text.USART_Init
                0x080072b8       0xb0 Libraries\STM32F0xx_StdPeriph_Driver\src\stm32f0xx_usart.o
                0x080072b8                USART_Init
 .text.USART_Cmd
                0x08007368       0x14 Libraries\STM32F0xx_StdPeriph_Driver\src\stm32f0xx_usart.o
                0x08007368                USART_Cmd
 .text.USART_SendData
                0x0800737c        0x8 Libraries\STM32F0xx_StdPeriph_Driver\src\stm32f0xx_usart.o
                0x0800737c                USART_SendData
 .text.USART_ReceiveData
                0x08007384        0x8 Libraries\STM32F0xx_StdPeriph_Driver\src\stm32f0xx_usart.o
                0x08007384                USART_ReceiveData
 .text.USART_DECmd
                0x0800738c       0x1c Libraries\STM32F0xx_StdPeriph_Driver\src\stm32f0xx_usart.o
                0x0800738c                USART_DECmd
 .text.USART_ITConfig
                0x080073a8       0x2e Libraries\STM32F0xx_StdPeriph_Driver\src\stm32f0xx_usart.o
                0x080073a8                USART_ITConfig
 .text.USART_GetITStatus
                0x080073d6       0x3e Libraries\STM32F0xx_StdPeriph_Driver\src\stm32f0xx_usart.o
                0x080073d6                USART_GetITStatus
 .text.TIM_TimeBaseInit
                0x08007414       0x78 Libraries\STM32F0xx_StdPeriph_Driver\src\stm32f0xx_tim.o
                0x08007414                TIM_TimeBaseInit
 .text.TIM_PrescalerConfig
                0x0800748c        0x6 Libraries\STM32F0xx_StdPeriph_Driver\src\stm32f0xx_tim.o
                0x0800748c                TIM_PrescalerConfig
 .text.TIM_SetCounter
                0x08007492        0x4 Libraries\STM32F0xx_StdPeriph_Driver\src\stm32f0xx_tim.o
                0x08007492                TIM_SetCounter
 .text.TIM_Cmd  0x08007496       0x14 Libraries\STM32F0xx_StdPeriph_Driver\src\stm32f0xx_tim.o
                0x08007496                TIM_Cmd
 *fill*         0x080074aa        0x2 
 .text.TIM_OC3Init
                0x080074ac       0x84 Libraries\STM32F0xx_StdPeriph_Driver\src\stm32f0xx_tim.o
                0x080074ac                TIM_OC3Init
 .text.TIM_OC3PreloadConfig
                0x08007530        0xc Libraries\STM32F0xx_StdPeriph_Driver\src\stm32f0xx_tim.o
                0x08007530                TIM_OC3PreloadConfig
 .text.TIM_ITConfig
                0x0800753c       0x12 Libraries\STM32F0xx_StdPeriph_Driver\src\stm32f0xx_tim.o
                0x0800753c                TIM_ITConfig
 *fill*         0x0800754e        0x2 
 .text.SYSCFG_MemoryRemapConfig
                0x08007550       0x14 Libraries\STM32F0xx_StdPeriph_Driver\src\stm32f0xx_syscfg.o
                0x08007550                SYSCFG_MemoryRemapConfig
 .text.RCC_GetClocksFreq
                0x08007564      0x14c Libraries\STM32F0xx_StdPeriph_Driver\src\stm32f0xx_rcc.o
                0x08007564                RCC_GetClocksFreq
 .text.RCC_AHBPeriphClockCmd
                0x080076b0       0x18 Libraries\STM32F0xx_StdPeriph_Driver\src\stm32f0xx_rcc.o
                0x080076b0                RCC_AHBPeriphClockCmd
 .text.RCC_APB2PeriphClockCmd
                0x080076c8       0x18 Libraries\STM32F0xx_StdPeriph_Driver\src\stm32f0xx_rcc.o
                0x080076c8                RCC_APB2PeriphClockCmd
 .text.RCC_APB1PeriphClockCmd
                0x080076e0       0x18 Libraries\STM32F0xx_StdPeriph_Driver\src\stm32f0xx_rcc.o
                0x080076e0                RCC_APB1PeriphClockCmd
 .text.RCC_APB1PeriphResetCmd
                0x080076f8       0x18 Libraries\STM32F0xx_StdPeriph_Driver\src\stm32f0xx_rcc.o
                0x080076f8                RCC_APB1PeriphResetCmd
 .text.NVIC_Init
                0x08007710       0x60 Libraries\STM32F0xx_StdPeriph_Driver\src\stm32f0xx_misc.o
                0x08007710                NVIC_Init
 .text.IWDG_Enable
                0x08007770       0x10 Libraries\STM32F0xx_StdPeriph_Driver\src\stm32f0xx_iwdg.o
                0x08007770                IWDG_Enable
 .text.I2C_DeInit
                0x08007780       0x34 Libraries\STM32F0xx_StdPeriph_Driver\src\stm32f0xx_i2c.o
                0x08007780                I2C_DeInit
 .text.I2C_Init
                0x080077b4       0x64 Libraries\STM32F0xx_StdPeriph_Driver\src\stm32f0xx_i2c.o
                0x080077b4                I2C_Init
 .text.I2C_Cmd  0x08007818       0x14 Libraries\STM32F0xx_StdPeriph_Driver\src\stm32f0xx_i2c.o
                0x08007818                I2C_Cmd
 .text.I2C_ITConfig
                0x0800782c       0x12 Libraries\STM32F0xx_StdPeriph_Driver\src\stm32f0xx_i2c.o
                0x0800782c                I2C_ITConfig
 *fill*         0x0800783e        0x2 
 .text.I2C_AutoEndCmd
                0x08007840       0x1c Libraries\STM32F0xx_StdPeriph_Driver\src\stm32f0xx_i2c.o
                0x08007840                I2C_AutoEndCmd
 .text.I2C_ReloadCmd
                0x0800785c       0x1c Libraries\STM32F0xx_StdPeriph_Driver\src\stm32f0xx_i2c.o
                0x0800785c                I2C_ReloadCmd
 .text.I2C_TransferHandling
                0x08007878       0x24 Libraries\STM32F0xx_StdPeriph_Driver\src\stm32f0xx_i2c.o
                0x08007878                I2C_TransferHandling
 .text.I2C_SendData
                0x0800789c        0x4 Libraries\STM32F0xx_StdPeriph_Driver\src\stm32f0xx_i2c.o
                0x0800789c                I2C_SendData
 .text.I2C_ReceiveData
                0x080078a0        0x6 Libraries\STM32F0xx_StdPeriph_Driver\src\stm32f0xx_i2c.o
                0x080078a0                I2C_ReceiveData
 .text.GPIO_Init
                0x080078a6       0x76 Libraries\STM32F0xx_StdPeriph_Driver\src\stm32f0xx_gpio.o
                0x080078a6                GPIO_Init
 .text.GPIO_PinAFConfig
                0x0800791c       0x24 Libraries\STM32F0xx_StdPeriph_Driver\src\stm32f0xx_gpio.o
                0x0800791c                GPIO_PinAFConfig
 .text.FLASH_Unlock
                0x08007940       0x20 Libraries\STM32F0xx_StdPeriph_Driver\src\stm32f0xx_flash.o
                0x08007940                FLASH_Unlock
 .text.FLASH_Lock
                0x08007960       0x10 Libraries\STM32F0xx_StdPeriph_Driver\src\stm32f0xx_flash.o
                0x08007960                FLASH_Lock
 .text.FLASH_ClearFlag
                0x08007970        0xc Libraries\STM32F0xx_StdPeriph_Driver\src\stm32f0xx_flash.o
                0x08007970                FLASH_ClearFlag
 .text.FLASH_GetStatus
                0x0800797c       0x24 Libraries\STM32F0xx_StdPeriph_Driver\src\stm32f0xx_flash.o
                0x0800797c                FLASH_GetStatus
 .text.FLASH_WaitForLastOperation
                0x080079a0       0x20 Libraries\STM32F0xx_StdPeriph_Driver\src\stm32f0xx_flash.o
                0x080079a0                FLASH_WaitForLastOperation
 .text.FLASH_ErasePage
                0x080079c0       0x38 Libraries\STM32F0xx_StdPeriph_Driver\src\stm32f0xx_flash.o
                0x080079c0                FLASH_ErasePage
 .text.FLASH_ProgramWord
                0x080079f8       0x50 Libraries\STM32F0xx_StdPeriph_Driver\src\stm32f0xx_flash.o
                0x080079f8                FLASH_ProgramWord
 .text.__libc_init_array
                0x08007a48       0x4c c:/program files (x86)/atollic/truestudio for arm 5.4.0/armtools/bin/../lib/gcc/arm-atollic-eabi/4.8.3/../../../../arm-atollic-eabi/lib/armv6-m\libc_s.a(lib_a-init.o)
                0x08007a48                __libc_init_array
 .text.memcpy   0x08007a94       0x12 c:/program files (x86)/atollic/truestudio for arm 5.4.0/armtools/bin/../lib/gcc/arm-atollic-eabi/4.8.3/../../../../arm-atollic-eabi/lib/armv6-m\libc_s.a(lib_a-memcpy-stub.o)
                0x08007a94                memcpy
 .text.strlen   0x08007aa6        0xe c:/program files (x86)/atollic/truestudio for arm 5.4.0/armtools/bin/../lib/gcc/arm-atollic-eabi/4.8.3/../../../../arm-atollic-eabi/lib/armv6-m\libc_s.a(lib_a-strlen.o)
                0x08007aa6                strlen
 .text.strncpy  0x08007ab4       0x28 c:/program files (x86)/atollic/truestudio for arm 5.4.0/armtools/bin/../lib/gcc/arm-atollic-eabi/4.8.3/../../../../arm-atollic-eabi/lib/armv6-m\libc_s.a(lib_a-strncpy.o)
                0x08007ab4                strncpy
 .text._strtoul_r
                0x08007adc       0xf8 c:/program files (x86)/atollic/truestudio for arm 5.4.0/armtools/bin/../lib/gcc/arm-atollic-eabi/4.8.3/../../../../arm-atollic-eabi/lib/armv6-m\libc_s.a(lib_a-strtoul.o)
                0x08007adc                _strtoul_r
 .text.strtoul  0x08007bd4       0x1c c:/program files (x86)/atollic/truestudio for arm 5.4.0/armtools/bin/../lib/gcc/arm-atollic-eabi/4.8.3/../../../../arm-atollic-eabi/lib/armv6-m\libc_s.a(lib_a-strtoul.o)
                0x08007bd4                strtoul
 *(.glue_7)
 .glue_7        0x00000000        0x0 linker stubs
 *(.glue_7t)
 .glue_7t       0x00000000        0x0 linker stubs
 *(.eh_frame)
 .eh_frame      0x08007bf0        0x0 c:/program files (x86)/atollic/truestudio for arm 5.4.0/armtools/bin/../lib/gcc/arm-atollic-eabi/4.8.3/armv6-m/crtbegin.o
 *(.init)
 .init          0x08007bf0        0x4 c:/program files (x86)/atollic/truestudio for arm 5.4.0/armtools/bin/../lib/gcc/arm-atollic-eabi/4.8.3/armv6-m/crti.o
                0x08007bf0                _init
 .init          0x08007bf4        0x8 c:/program files (x86)/atollic/truestudio for arm 5.4.0/armtools/bin/../lib/gcc/arm-atollic-eabi/4.8.3/armv6-m/crtn.o
 *(.fini)
 .fini          0x08007bfc        0x4 c:/program files (x86)/atollic/truestudio for arm 5.4.0/armtools/bin/../lib/gcc/arm-atollic-eabi/4.8.3/armv6-m/crti.o
                0x08007bfc                _fini
 .fini          0x08007c00        0x8 c:/program files (x86)/atollic/truestudio for arm 5.4.0/armtools/bin/../lib/gcc/arm-atollic-eabi/4.8.3/armv6-m/crtn.o
                0x08007c08                . = ALIGN (0x4)
                0x08007c08                _etext = .

.vfp11_veneer   0x08007c08        0x0
 .vfp11_veneer  0x00000000        0x0 linker stubs

.v4_bx          0x08007c08        0x0
 .v4_bx         0x00000000        0x0 linker stubs

.iplt           0x08007c08        0x0
 .iplt          0x00000000        0x0 c:/program files (x86)/atollic/truestudio for arm 5.4.0/armtools/bin/../lib/gcc/arm-atollic-eabi/4.8.3/armv6-m/crtbegin.o

.rodata         0x08007c08      0x6b4
                0x08007c08                . = ALIGN (0x4)
 *(.rodata)
 .rodata        0x08007c08       0x18 src\usart2.o
 .rodata        0x08007c20       0x18 src\usart1.o
 *(.rodata*)
 .rodata.usart2
                0x08007c38       0x14 src\usart2.o
                0x08007c38                usart2
 .rodata.usart2_hw
                0x08007c4c       0x34 src\usart2.o
                0x08007c4c                usart2_hw
 .rodata.usart1
                0x08007c80       0x14 src\usart1.o
                0x08007c80                usart1
 .rodata.usart1_hw
                0x08007c94       0x34 src\usart1.o
                0x08007c94                usart1_hw
 .rodata.str1.1
                0x08007cc8       0x10 src\timer3.o
                                 0x13 (size before relaxing)
 .rodata.str1.1
                0x08007cd8        0x7 src\printf.o
 .rodata.str1.1
                0x08007cdf      0x114 src\mybus.o
 .rodata.str1.1
                0x08007df3       0x4c src\main.o
 .rodata.str1.1
                0x08007e3f       0xa4 src\i2c.o
 .rodata.str1.1
                0x08007ee3       0x35 src\getline.o
                                 0x38 (size before relaxing)
 .rodata.str1.1
                0x08007f18       0x14 src\flash_if.o
 .rodata.cmd_table
                0x08007f2c       0x78 src\cmdproc.o
                0x08007f2c                cmd_table
 .rodata.str1.1
                0x08007fa4      0x15b src\cmdproc.o
                                0x16e (size before relaxing)
 .rodata.str1.1
                0x080080ff       0xba src\bootloader.o
 .rodata._ctype_
                0x080081b9      0x101 c:/program files (x86)/atollic/truestudio for arm 5.4.0/armtools/bin/../lib/gcc/arm-atollic-eabi/4.8.3/../../../../arm-atollic-eabi/lib/armv6-m\libc_s.a(lib_a-ctype_.o)
                0x080081b9                _ctype_
 .rodata.str1.1
                0x080082ba        0x2 c:/program files (x86)/atollic/truestudio for arm 5.4.0/armtools/bin/../lib/gcc/arm-atollic-eabi/4.8.3/../../../../arm-atollic-eabi/lib/armv6-m\libc_s.a(lib_a-impure.o)
                0x080082bc                . = ALIGN (0x4)

.rel.dyn        0x080082bc        0x0
 .rel.iplt      0x00000000        0x0 c:/program files (x86)/atollic/truestudio for arm 5.4.0/armtools/bin/../lib/gcc/arm-atollic-eabi/4.8.3/armv6-m/crtbegin.o

.ARM.extab
 *(.ARM.extab* .gnu.linkonce.armextab.*)

.ARM            0x080082bc        0x0
                0x080082bc                __exidx_start = .
 *(.ARM.exidx*)
                0x080082bc                __exidx_end = .

.preinit_array  0x080082bc        0x0
                0x080082bc                PROVIDE (__preinit_array_start, .)
 *(.preinit_array*)
                0x080082bc                PROVIDE (__preinit_array_end, .)

.init_array     0x080082bc        0x4
                0x080082bc                PROVIDE (__init_array_start, .)
 *(SORT(.init_array.*))
 *(.init_array*)
 .init_array    0x080082bc        0x4 c:/program files (x86)/atollic/truestudio for arm 5.4.0/armtools/bin/../lib/gcc/arm-atollic-eabi/4.8.3/armv6-m/crtbegin.o
                0x080082c0                PROVIDE (__init_array_end, .)

.fini_array     0x080082c0        0x4
                0x080082c0                PROVIDE (__fini_array_start, .)
 *(SORT(.fini_array.*))
 *(.fini_array*)
 .fini_array    0x080082c0        0x4 c:/program files (x86)/atollic/truestudio for arm 5.4.0/armtools/bin/../lib/gcc/arm-atollic-eabi/4.8.3/armv6-m/crtbegin.o
                0x080082c4                PROVIDE (__fini_array_end, .)
                0x080082c4                _sidata = LOADADDR (.data)

.data           0x200000c0      0x59c load address 0x080082c4
                0x200000c0                . = ALIGN (0x4)
                0x200000c0                _sdata = .
 *(.data)
 *(.data*)
 .data.usart2_fifo
                0x200000c0       0x18 src\usart2.o
                0x200000c0                usart2_fifo
 .data.usart1_fifo
                0x200000d8       0x18 src\usart1.o
                0x200000d8                usart1_fifo
 .data.AHBPrescTable
                0x200000f0       0x10 src\system_stm32f0xx.o
                0x200000f0                AHBPrescTable
 .data.SystemCoreClock
                0x20000100        0x4 src\system_stm32f0xx.o
                0x20000100                SystemCoreClock
 .data.data     0x20000104        0x2 src\se95.o
                0x20000104                data
 *fill*         0x20000106        0x2 
 .data.print_dev
                0x20000108        0x4 src\printf.o
                0x20000108                print_dev
 .data.reset_flag
                0x2000010c        0x1 src\mybus.o
                0x2000010c                reset_flag
 .data.version_str
                0x2000010d       0x2a src\main.o
                0x2000010d                version_str
 *fill*         0x20000137        0x1 
 .data.pwm_duty
                0x20000138        0x4 src\main.o
                0x20000138                pwm_duty
 .data.line     0x2000013c      0x200 src\getline.o
 .data.crc16tab
                0x2000033c      0x200 src\crc16.o
                0x2000033c                crc16tab
 .data.soft_start
                0x2000053c        0x4 src\SW_PWM.o
                0x2000053c                soft_start
 .data.ss_slope
                0x20000540        0x4 src\SW_PWM.o
                0x20000540                ss_slope
 .data.SLED_PINS
                0x20000544       0x50 src\SLED.o
                0x20000544                SLED_PINS
 .data.SLED_PORTS
                0x20000594       0x50 src\SLED.o
                0x20000594                SLED_PORTS
 .data.APBAHBPrescTable
                0x200005e4       0x10 Libraries\STM32F0xx_StdPeriph_Driver\src\stm32f0xx_rcc.o
 .data.__ctype_ptr__
                0x200005f4        0x4 c:/program files (x86)/atollic/truestudio for arm 5.4.0/armtools/bin/../lib/gcc/arm-atollic-eabi/4.8.3/../../../../arm-atollic-eabi/lib/armv6-m\libc_s.a(lib_a-ctype_.o)
                0x200005f4                __ctype_ptr__
 .data.impure_data
                0x200005f8       0x60 c:/program files (x86)/atollic/truestudio for arm 5.4.0/armtools/bin/../lib/gcc/arm-atollic-eabi/4.8.3/../../../../arm-atollic-eabi/lib/armv6-m\libc_s.a(lib_a-impure.o)
 .data._impure_ptr
                0x20000658        0x4 c:/program files (x86)/atollic/truestudio for arm 5.4.0/armtools/bin/../lib/gcc/arm-atollic-eabi/4.8.3/../../../../arm-atollic-eabi/lib/armv6-m\libc_s.a(lib_a-impure.o)
                0x20000658                _impure_ptr
                0x2000065c                . = ALIGN (0x4)
                0x2000065c                _edata = .

.igot.plt       0x2000065c        0x0 load address 0x08008860
 .igot.plt      0x00000000        0x0 c:/program files (x86)/atollic/truestudio for arm 5.4.0/armtools/bin/../lib/gcc/arm-atollic-eabi/4.8.3/armv6-m/crtbegin.o
                0x2000065c                . = ALIGN (0x4)

.bss            0x2000065c      0xf78 load address 0x08008860
                0x2000065c                _sbss = .
                0x2000065c                __bss_start__ = _sbss
 *(.bss)
 .bss           0x2000065c       0x1c c:/program files (x86)/atollic/truestudio for arm 5.4.0/armtools/bin/../lib/gcc/arm-atollic-eabi/4.8.3/armv6-m/crtbegin.o
 *(.bss*)
 .bss.timetick_10us
                0x20000678        0x4 src\timer.o
                0x20000678                timetick_10us
 .bss.timetick  0x2000067c        0x4 src\timer.o
                0x2000067c                timetick
 .bss.timesec   0x20000680        0x4 src\timer.o
                0x20000680                timesec
 .bss.temp      0x20000684        0x4 src\se95.o
                0x20000684                temp
 .bss.n         0x20000688        0x4 src\one_wire.o
                0x20000688                n
 .bss.cmd       0x2000068c        0x4 src\one_wire.o
                0x2000068c                cmd
 .bss.data_w    0x20000690        0x4 src\one_wire.o
                0x20000690                data_w
 .bss.data_r    0x20000694        0x4 src\one_wire.o
                0x20000694                data_r
 .bss.OW_busy   0x20000698        0x1 src\one_wire.o
                0x20000698                OW_busy
 *fill*         0x20000699        0x3 
 .bss.print_temp_time
                0x2000069c        0x4 src\main.o
                0x2000069c                print_temp_time
 .bss.cnt.7195  0x200006a0        0x4 src\getline.o
 .bss.esc_cnt.7196
                0x200006a4        0x1 src\getline.o
 *fill*         0x200006a5        0x3 
 .bss.cnt_hist  0x200006a8        0x4 src\getline.o
                0x200006a8                cnt_hist
 .bss.ss_state  0x200006ac        0x4 src\SW_PWM.o
                0x200006ac                ss_state
 .bss.input_sample_timer.6451
                0x200006b0        0x4 src\SLED.o
 .bss.samples.6433
                0x200006b4        0x8 src\SLED.o
 .bss.DHTcmd    0x200006bc        0x4 src\DHT22.o
                0x200006bc                DHTcmd
 .bss.DHT_busy  0x200006c0        0x1 src\DHT22.o
                0x200006c0                DHT_busy
 *fill*         0x200006c1        0x3 
 .bss.DHTn      0x200006c4        0x4 src\DHT22.o
                0x200006c4                DHTn
 *(COMMON)
 COMMON         0x200006c8      0x1fe src\usart2.o
                0x200006c8                usart2_tx_fifo
                0x200007c7                usart2_rx_fifo
 COMMON         0x200008c6      0x4e7 src\usart1.o
                0x200008c6                usart1_rx_fifo
                0x200009c5                usart1_tx_fifo
 *fill*         0x20000dad        0x3 
 COMMON         0x20000db0       0x20 src\timer3.o
                0x20000db0                TIM_OCInitStructure
                0x20000dc4                TIM_st
 COMMON         0x20000dd0        0x8 src\se95.o
                0x20000dd0                temp_timer
                0x20000dd4                temp_SE95
 COMMON         0x20000dd8        0x4 src\one_wire.o
                0x20000dd8                data_cnt
 COMMON         0x20000ddc      0x588 src\mybus.o
                0x20000ddc                timerreadmodaddr
                0x20000de0                time_from_start
                0x20000de4                stx_rx_timer
                0x20000de8                cfg_ok
                0x20000dec                tmp32
                0x20000df0                rx
                0x20000e24                rx_buffer
                0x20001224                tx_buffer
                0x20001324                tx
                0x20001358                stx_act_led_timer
                0x2000135c                mod_addr
                0x20001360                stx_timer
 COMMON         0x20001364       0x18 src\main.o
                0x20001364                dht_temp
                0x20001368                timer_temp_print
                0x2000136c                timer_led
                0x20001370                humidity
                0x20001374                dht_temperature
                0x20001378                timer_DHT
 COMMON         0x2000137c       0x18 src\i2c.o
                0x2000137c                i2c
 COMMON         0x20001394       0x12 src\ds1820.o
                0x20001394                timer_delay
                0x20001398                temp2
                0x20001399                temp1
                0x2000139a                temp_DS1820
                0x200013a0                timer_temp_conversion
                0x200013a4                temp3
 *fill*         0x200013a6        0x2 
 COMMON         0x200013a8      0x1ec src\SW_PWM.o
                0x200013a8                state_timer
                0x200013ac                ss_timer
                0x200013b0                pwm_state
                0x200013b4                sw_pwm
 COMMON         0x20001594       0x40 src\SLED.o
                0x20001594                main_timer
                0x20001598                SLED
                0x200015cc                led_delay_timer
                0x200015d0                sw_delay_timer
                0x200015d4                . = ALIGN (0x4)
                0x200015d4                _ebss = .
                0x200015d4                __bss_end__ = _ebss

._user_heap_stack
                0x200015d4       0x80 load address 0x08008860
                0x200015d4                . = ALIGN (0x4)
                0x200015d4                PROVIDE (end, .)
                0x200015d4                PROVIDE (_end, .)
                0x200015d4                . = (. + _Min_Heap_Size)
                0x20001654                . = (. + _Min_Stack_Size)
 *fill*         0x200015d4       0x80 
                0x20001654                . = ALIGN (0x4)

.memory_b1_text
 *(.mb1text)
 *(.mb1text*)
 *(.mb1rodata)
 *(.mb1rodata*)

/DISCARD/
 libc.a(*)
 libm.a(*)
 libgcc.a(*)

.ARM.attributes
                0x00000000       0x28
 *(.ARM.attributes)
 .ARM.attributes
                0x00000000       0x1e c:/program files (x86)/atollic/truestudio for arm 5.4.0/armtools/bin/../lib/gcc/arm-atollic-eabi/4.8.3/armv6-m/crti.o
 .ARM.attributes
                0x0000001e       0x2c c:/program files (x86)/atollic/truestudio for arm 5.4.0/armtools/bin/../lib/gcc/arm-atollic-eabi/4.8.3/armv6-m/crtbegin.o
 .ARM.attributes
                0x0000004a       0x31 src\usart2.o
 .ARM.attributes
                0x0000007b       0x31 src\usart1.o
 .ARM.attributes
                0x000000ac       0x31 src\usart.o
 .ARM.attributes
                0x000000dd       0x31 src\timer3.o
 .ARM.attributes
                0x0000010e       0x31 src\timer.o
 .ARM.attributes
                0x0000013f       0x31 src\system_stm32f0xx.o
 .ARM.attributes
                0x00000170       0x31 src\stm32f0xx_it.o
 .ARM.attributes
                0x000001a1       0x21 src\startup_stm32f0xx.o
 .ARM.attributes
                0x000001c2       0x31 src\se95.o
 .ARM.attributes
                0x000001f3       0x31 src\printf.o
 .ARM.attributes
                0x00000224       0x31 src\one_wire.o
 .ARM.attributes
                0x00000255       0x31 src\mybus.o
 .ARM.attributes
                0x00000286       0x31 src\main.o
 .ARM.attributes
                0x000002b7       0x31 src\i2c.o
 .ARM.attributes
                0x000002e8       0x31 src\getline.o
 .ARM.attributes
                0x00000319       0x31 src\flash_if.o
 .ARM.attributes
                0x0000034a       0x31 src\ds1820.o
 .ARM.attributes
                0x0000037b       0x31 src\crc16.o
 .ARM.attributes
                0x000003ac       0x31 src\cmdproc.o
 .ARM.attributes
                0x000003dd       0x31 src\bootloader.o
 .ARM.attributes
                0x0000040e       0x31 src\SW_PWM.o
 .ARM.attributes
                0x0000043f       0x31 src\SLED.o
 .ARM.attributes
                0x00000470       0x31 src\DHT22.o
 .ARM.attributes
                0x000004a1       0x31 Libraries\STM32F0xx_StdPeriph_Driver\src\stm32f0xx_usart.o
 .ARM.attributes
                0x000004d2       0x31 Libraries\STM32F0xx_StdPeriph_Driver\src\stm32f0xx_tim.o
 .ARM.attributes
                0x00000503       0x31 Libraries\STM32F0xx_StdPeriph_Driver\src\stm32f0xx_syscfg.o
 .ARM.attributes
                0x00000534       0x31 Libraries\STM32F0xx_StdPeriph_Driver\src\stm32f0xx_rcc.o
 .ARM.attributes
                0x00000565       0x31 Libraries\STM32F0xx_StdPeriph_Driver\src\stm32f0xx_misc.o
 .ARM.attributes
                0x00000596       0x31 Libraries\STM32F0xx_StdPeriph_Driver\src\stm32f0xx_iwdg.o
 .ARM.attributes
                0x000005c7       0x31 Libraries\STM32F0xx_StdPeriph_Driver\src\stm32f0xx_i2c.o
 .ARM.attributes
                0x000005f8       0x31 Libraries\STM32F0xx_StdPeriph_Driver\src\stm32f0xx_gpio.o
 .ARM.attributes
                0x00000629       0x31 Libraries\STM32F0xx_StdPeriph_Driver\src\stm32f0xx_flash.o
 .ARM.attributes
                0x0000065a       0x2c c:/program files (x86)/atollic/truestudio for arm 5.4.0/armtools/bin/../lib/gcc/arm-atollic-eabi/4.8.3/../../../../arm-atollic-eabi/lib/armv6-m\libc_s.a(lib_a-init.o)
 .ARM.attributes
                0x00000686       0x2c c:/program files (x86)/atollic/truestudio for arm 5.4.0/armtools/bin/../lib/gcc/arm-atollic-eabi/4.8.3/../../../../arm-atollic-eabi/lib/armv6-m\libc_s.a(lib_a-memcpy-stub.o)
 .ARM.attributes
                0x000006b2       0x1c c:/program files (x86)/atollic/truestudio for arm 5.4.0/armtools/bin/../lib/gcc/arm-atollic-eabi/4.8.3/../../../../arm-atollic-eabi/lib/armv6-m\libc_s.a(lib_a-strcmp.o)
 .ARM.attributes
                0x000006ce       0x2c c:/program files (x86)/atollic/truestudio for arm 5.4.0/armtools/bin/../lib/gcc/arm-atollic-eabi/4.8.3/../../../../arm-atollic-eabi/lib/armv6-m\libc_s.a(lib_a-strlen.o)
 .ARM.attributes
                0x000006fa       0x2c c:/program files (x86)/atollic/truestudio for arm 5.4.0/armtools/bin/../lib/gcc/arm-atollic-eabi/4.8.3/../../../../arm-atollic-eabi/lib/armv6-m\libc_s.a(lib_a-strncpy.o)
 .ARM.attributes
                0x00000726       0x2c c:/program files (x86)/atollic/truestudio for arm 5.4.0/armtools/bin/../lib/gcc/arm-atollic-eabi/4.8.3/../../../../arm-atollic-eabi/lib/armv6-m\libc_s.a(lib_a-strtoul.o)
 .ARM.attributes
                0x00000752       0x2c c:/program files (x86)/atollic/truestudio for arm 5.4.0/armtools/bin/../lib/gcc/arm-atollic-eabi/4.8.3/../../../../arm-atollic-eabi/lib/armv6-m\libc_s.a(lib_a-ctype_.o)
 .ARM.attributes
                0x0000077e       0x2c c:/program files (x86)/atollic/truestudio for arm 5.4.0/armtools/bin/../lib/gcc/arm-atollic-eabi/4.8.3/../../../../arm-atollic-eabi/lib/armv6-m\libc_s.a(lib_a-impure.o)
 .ARM.attributes
                0x000007aa       0x1e c:/program files (x86)/atollic/truestudio for arm 5.4.0/armtools/bin/../lib/gcc/arm-atollic-eabi/4.8.3/armv6-m\libgcc.a(_thumb1_case_sqi.o)
 .ARM.attributes
                0x000007c8       0x1e c:/program files (x86)/atollic/truestudio for arm 5.4.0/armtools/bin/../lib/gcc/arm-atollic-eabi/4.8.3/armv6-m\libgcc.a(_thumb1_case_uqi.o)
 .ARM.attributes
                0x000007e6       0x1e c:/program files (x86)/atollic/truestudio for arm 5.4.0/armtools/bin/../lib/gcc/arm-atollic-eabi/4.8.3/armv6-m\libgcc.a(_udivsi3.o)
 .ARM.attributes
                0x00000804       0x1e c:/program files (x86)/atollic/truestudio for arm 5.4.0/armtools/bin/../lib/gcc/arm-atollic-eabi/4.8.3/armv6-m\libgcc.a(_divsi3.o)
 .ARM.attributes
                0x00000822       0x1e c:/program files (x86)/atollic/truestudio for arm 5.4.0/armtools/bin/../lib/gcc/arm-atollic-eabi/4.8.3/armv6-m\libgcc.a(_dvmd_tls.o)
 .ARM.attributes
                0x00000840       0x1e c:/program files (x86)/atollic/truestudio for arm 5.4.0/armtools/bin/../lib/gcc/arm-atollic-eabi/4.8.3/armv6-m/crtn.o
OUTPUT(LED20_STM32F030.elf elf32-littlearm)

.comment        0x00000000       0x82
 .comment       0x00000000       0x82 src\usart2.o
                                 0x83 (size before relaxing)
 .comment       0x00000000       0x83 src\usart1.o
 .comment       0x00000000       0x83 src\usart.o
 .comment       0x00000000       0x83 src\timer3.o
 .comment       0x00000000       0x83 src\timer.o
 .comment       0x00000000       0x83 src\system_stm32f0xx.o
 .comment       0x00000000       0x83 src\stm32f0xx_it.o
 .comment       0x00000000       0x83 src\se95.o
 .comment       0x00000000       0x83 src\printf.o
 .comment       0x00000000       0x83 src\one_wire.o
 .comment       0x00000000       0x83 src\mybus.o
 .comment       0x00000000       0x83 src\main.o
 .comment       0x00000000       0x83 src\i2c.o
 .comment       0x00000000       0x83 src\getline.o
 .comment       0x00000000       0x83 src\flash_if.o
 .comment       0x00000000       0x83 src\ds1820.o
 .comment       0x00000000       0x83 src\crc16.o
 .comment       0x00000000       0x83 src\cmdproc.o
 .comment       0x00000000       0x83 src\bootloader.o
 .comment       0x00000000       0x83 src\SW_PWM.o
 .comment       0x00000000       0x83 src\SLED.o
 .comment       0x00000000       0x83 src\DHT22.o
 .comment       0x00000000       0x83 Libraries\STM32F0xx_StdPeriph_Driver\src\stm32f0xx_usart.o
 .comment       0x00000000       0x83 Libraries\STM32F0xx_StdPeriph_Driver\src\stm32f0xx_tim.o
 .comment       0x00000000       0x83 Libraries\STM32F0xx_StdPeriph_Driver\src\stm32f0xx_syscfg.o
 .comment       0x00000000       0x83 Libraries\STM32F0xx_StdPeriph_Driver\src\stm32f0xx_rcc.o
 .comment       0x00000000       0x83 Libraries\STM32F0xx_StdPeriph_Driver\src\stm32f0xx_misc.o
 .comment       0x00000000       0x83 Libraries\STM32F0xx_StdPeriph_Driver\src\stm32f0xx_iwdg.o
 .comment       0x00000000       0x83 Libraries\STM32F0xx_StdPeriph_Driver\src\stm32f0xx_i2c.o
 .comment       0x00000000       0x83 Libraries\STM32F0xx_StdPeriph_Driver\src\stm32f0xx_gpio.o
 .comment       0x00000000       0x83 Libraries\STM32F0xx_StdPeriph_Driver\src\stm32f0xx_flash.o

.debug_frame    0x00000000      0x12c
 .debug_frame   0x00000000       0x2c c:/program files (x86)/atollic/truestudio for arm 5.4.0/armtools/bin/../lib/gcc/arm-atollic-eabi/4.8.3/../../../../arm-atollic-eabi/lib/armv6-m\libc_s.a(lib_a-init.o)
 .debug_frame   0x0000002c       0x28 c:/program files (x86)/atollic/truestudio for arm 5.4.0/armtools/bin/../lib/gcc/arm-atollic-eabi/4.8.3/../../../../arm-atollic-eabi/lib/armv6-m\libc_s.a(lib_a-memcpy-stub.o)
 .debug_frame   0x00000054       0x20 c:/program files (x86)/atollic/truestudio for arm 5.4.0/armtools/bin/../lib/gcc/arm-atollic-eabi/4.8.3/../../../../arm-atollic-eabi/lib/armv6-m\libc_s.a(lib_a-strlen.o)
 .debug_frame   0x00000074       0x2c c:/program files (x86)/atollic/truestudio for arm 5.4.0/armtools/bin/../lib/gcc/arm-atollic-eabi/4.8.3/../../../../arm-atollic-eabi/lib/armv6-m\libc_s.a(lib_a-strncpy.o)
 .debug_frame   0x000000a0       0x4c c:/program files (x86)/atollic/truestudio for arm 5.4.0/armtools/bin/../lib/gcc/arm-atollic-eabi/4.8.3/../../../../arm-atollic-eabi/lib/armv6-m\libc_s.a(lib_a-strtoul.o)
 .debug_frame   0x000000ec       0x20 c:/program files (x86)/atollic/truestudio for arm 5.4.0/armtools/bin/../lib/gcc/arm-atollic-eabi/4.8.3/armv6-m\libgcc.a(_udivsi3.o)
 .debug_frame   0x0000010c       0x20 c:/program files (x86)/atollic/truestudio for arm 5.4.0/armtools/bin/../lib/gcc/arm-atollic-eabi/4.8.3/armv6-m\libgcc.a(_divsi3.o)

Cross Reference Table

Symbol                                            File
ADC1_COMP_IRQHandler                              src\startup_stm32f0xx.o
ADC_AnalogWatchdogCmd                             Libraries\STM32F0xx_StdPeriph_Driver\src\stm32f0xx_adc.o
ADC_AnalogWatchdogSingleChannelCmd                Libraries\STM32F0xx_StdPeriph_Driver\src\stm32f0xx_adc.o
ADC_AnalogWatchdogSingleChannelConfig             Libraries\STM32F0xx_StdPeriph_Driver\src\stm32f0xx_adc.o
ADC_AnalogWatchdogThresholdsConfig                Libraries\STM32F0xx_StdPeriph_Driver\src\stm32f0xx_adc.o
ADC_AutoPowerOffCmd                               Libraries\STM32F0xx_StdPeriph_Driver\src\stm32f0xx_adc.o
ADC_ChannelConfig                                 Libraries\STM32F0xx_StdPeriph_Driver\src\stm32f0xx_adc.o
ADC_ClearFlag                                     Libraries\STM32F0xx_StdPeriph_Driver\src\stm32f0xx_adc.o
ADC_ClearITPendingBit                             Libraries\STM32F0xx_StdPeriph_Driver\src\stm32f0xx_adc.o
ADC_ClockModeConfig                               Libraries\STM32F0xx_StdPeriph_Driver\src\stm32f0xx_adc.o
ADC_Cmd                                           Libraries\STM32F0xx_StdPeriph_Driver\src\stm32f0xx_adc.o
ADC_ContinuousModeCmd                             Libraries\STM32F0xx_StdPeriph_Driver\src\stm32f0xx_adc.o
ADC_DMACmd                                        Libraries\STM32F0xx_StdPeriph_Driver\src\stm32f0xx_adc.o
ADC_DMARequestModeConfig                          Libraries\STM32F0xx_StdPeriph_Driver\src\stm32f0xx_adc.o
ADC_DeInit                                        Libraries\STM32F0xx_StdPeriph_Driver\src\stm32f0xx_adc.o
ADC_DiscModeCmd                                   Libraries\STM32F0xx_StdPeriph_Driver\src\stm32f0xx_adc.o
ADC_GetCalibrationFactor                          Libraries\STM32F0xx_StdPeriph_Driver\src\stm32f0xx_adc.o
ADC_GetConversionValue                            Libraries\STM32F0xx_StdPeriph_Driver\src\stm32f0xx_adc.o
ADC_GetFlagStatus                                 Libraries\STM32F0xx_StdPeriph_Driver\src\stm32f0xx_adc.o
ADC_GetITStatus                                   Libraries\STM32F0xx_StdPeriph_Driver\src\stm32f0xx_adc.o
ADC_ITConfig                                      Libraries\STM32F0xx_StdPeriph_Driver\src\stm32f0xx_adc.o
ADC_Init                                          Libraries\STM32F0xx_StdPeriph_Driver\src\stm32f0xx_adc.o
ADC_JitterCmd                                     Libraries\STM32F0xx_StdPeriph_Driver\src\stm32f0xx_adc.o
ADC_OverrunModeCmd                                Libraries\STM32F0xx_StdPeriph_Driver\src\stm32f0xx_adc.o
ADC_StartOfConversion                             Libraries\STM32F0xx_StdPeriph_Driver\src\stm32f0xx_adc.o
ADC_StopOfConversion                              Libraries\STM32F0xx_StdPeriph_Driver\src\stm32f0xx_adc.o
ADC_StructInit                                    Libraries\STM32F0xx_StdPeriph_Driver\src\stm32f0xx_adc.o
ADC_TempSensorCmd                                 Libraries\STM32F0xx_StdPeriph_Driver\src\stm32f0xx_adc.o
ADC_VbatCmd                                       Libraries\STM32F0xx_StdPeriph_Driver\src\stm32f0xx_adc.o
ADC_VrefintCmd                                    Libraries\STM32F0xx_StdPeriph_Driver\src\stm32f0xx_adc.o
ADC_WaitModeCmd                                   Libraries\STM32F0xx_StdPeriph_Driver\src\stm32f0xx_adc.o
AHBPrescTable                                     src\system_stm32f0xx.o
BusFault_Handler                                  src\stm32f0xx_it.o
CAN_CancelTransmit                                Libraries\STM32F0xx_StdPeriph_Driver\src\stm32f0xx_can.o
CAN_ClearFlag                                     Libraries\STM32F0xx_StdPeriph_Driver\src\stm32f0xx_can.o
CAN_ClearITPendingBit                             Libraries\STM32F0xx_StdPeriph_Driver\src\stm32f0xx_can.o
CAN_DBGFreeze                                     Libraries\STM32F0xx_StdPeriph_Driver\src\stm32f0xx_can.o
CAN_DeInit                                        Libraries\STM32F0xx_StdPeriph_Driver\src\stm32f0xx_can.o
CAN_FIFORelease                                   Libraries\STM32F0xx_StdPeriph_Driver\src\stm32f0xx_can.o
CAN_FilterInit                                    Libraries\STM32F0xx_StdPeriph_Driver\src\stm32f0xx_can.o
CAN_GetFlagStatus                                 Libraries\STM32F0xx_StdPeriph_Driver\src\stm32f0xx_can.o
CAN_GetITStatus                                   Libraries\STM32F0xx_StdPeriph_Driver\src\stm32f0xx_can.o
CAN_GetLSBTransmitErrorCounter                    Libraries\STM32F0xx_StdPeriph_Driver\src\stm32f0xx_can.o
CAN_GetLastErrorCode                              Libraries\STM32F0xx_StdPeriph_Driver\src\stm32f0xx_can.o
CAN_GetReceiveErrorCounter                        Libraries\STM32F0xx_StdPeriph_Driver\src\stm32f0xx_can.o
CAN_ITConfig                                      Libraries\STM32F0xx_StdPeriph_Driver\src\stm32f0xx_can.o
CAN_Init                                          Libraries\STM32F0xx_StdPeriph_Driver\src\stm32f0xx_can.o
CAN_MessagePending                                Libraries\STM32F0xx_StdPeriph_Driver\src\stm32f0xx_can.o
CAN_OperatingModeRequest                          Libraries\STM32F0xx_StdPeriph_Driver\src\stm32f0xx_can.o
CAN_Receive                                       Libraries\STM32F0xx_StdPeriph_Driver\src\stm32f0xx_can.o
CAN_SlaveStartBank                                Libraries\STM32F0xx_StdPeriph_Driver\src\stm32f0xx_can.o
CAN_Sleep                                         Libraries\STM32F0xx_StdPeriph_Driver\src\stm32f0xx_can.o
CAN_StructInit                                    Libraries\STM32F0xx_StdPeriph_Driver\src\stm32f0xx_can.o
CAN_TTComModeCmd                                  Libraries\STM32F0xx_StdPeriph_Driver\src\stm32f0xx_can.o
CAN_Transmit                                      Libraries\STM32F0xx_StdPeriph_Driver\src\stm32f0xx_can.o
CAN_TransmitStatus                                Libraries\STM32F0xx_StdPeriph_Driver\src\stm32f0xx_can.o
CAN_WakeUp                                        Libraries\STM32F0xx_StdPeriph_Driver\src\stm32f0xx_can.o
CEC_ClearFlag                                     Libraries\STM32F0xx_StdPeriph_Driver\src\stm32f0xx_cec.o
CEC_ClearITPendingBit                             Libraries\STM32F0xx_StdPeriph_Driver\src\stm32f0xx_cec.o
CEC_Cmd                                           Libraries\STM32F0xx_StdPeriph_Driver\src\stm32f0xx_cec.o
CEC_DeInit                                        Libraries\STM32F0xx_StdPeriph_Driver\src\stm32f0xx_cec.o
CEC_EndOfMessage                                  Libraries\STM32F0xx_StdPeriph_Driver\src\stm32f0xx_cec.o
CEC_GetFlagStatus                                 Libraries\STM32F0xx_StdPeriph_Driver\src\stm32f0xx_cec.o
CEC_GetITStatus                                   Libraries\STM32F0xx_StdPeriph_Driver\src\stm32f0xx_cec.o
CEC_IRQHandler                                    src\startup_stm32f0xx.o
CEC_ITConfig                                      Libraries\STM32F0xx_StdPeriph_Driver\src\stm32f0xx_cec.o
CEC_Init                                          Libraries\STM32F0xx_StdPeriph_Driver\src\stm32f0xx_cec.o
CEC_ListenModeCmd                                 Libraries\STM32F0xx_StdPeriph_Driver\src\stm32f0xx_cec.o
CEC_OwnAddressClear                               Libraries\STM32F0xx_StdPeriph_Driver\src\stm32f0xx_cec.o
CEC_OwnAddressConfig                              Libraries\STM32F0xx_StdPeriph_Driver\src\stm32f0xx_cec.o
CEC_ReceiveData                                   Libraries\STM32F0xx_StdPeriph_Driver\src\stm32f0xx_cec.o
CEC_SendData                                      Libraries\STM32F0xx_StdPeriph_Driver\src\stm32f0xx_cec.o
CEC_StartOfMessage                                Libraries\STM32F0xx_StdPeriph_Driver\src\stm32f0xx_cec.o
CEC_StructInit                                    Libraries\STM32F0xx_StdPeriph_Driver\src\stm32f0xx_cec.o
COMP_Cmd                                          Libraries\STM32F0xx_StdPeriph_Driver\src\stm32f0xx_comp.o
COMP_DeInit                                       Libraries\STM32F0xx_StdPeriph_Driver\src\stm32f0xx_comp.o
COMP_GetOutputLevel                               Libraries\STM32F0xx_StdPeriph_Driver\src\stm32f0xx_comp.o
COMP_Init                                         Libraries\STM32F0xx_StdPeriph_Driver\src\stm32f0xx_comp.o
COMP_LockConfig                                   Libraries\STM32F0xx_StdPeriph_Driver\src\stm32f0xx_comp.o
COMP_StructInit                                   Libraries\STM32F0xx_StdPeriph_Driver\src\stm32f0xx_comp.o
COMP_SwitchCmd                                    Libraries\STM32F0xx_StdPeriph_Driver\src\stm32f0xx_comp.o
COMP_WindowCmd                                    Libraries\STM32F0xx_StdPeriph_Driver\src\stm32f0xx_comp.o
CRC_CalcBlockCRC                                  Libraries\STM32F0xx_StdPeriph_Driver\src\stm32f0xx_crc.o
CRC_CalcCRC                                       Libraries\STM32F0xx_StdPeriph_Driver\src\stm32f0xx_crc.o
CRC_CalcCRC16bits                                 Libraries\STM32F0xx_StdPeriph_Driver\src\stm32f0xx_crc.o
CRC_CalcCRC8bits                                  Libraries\STM32F0xx_StdPeriph_Driver\src\stm32f0xx_crc.o
CRC_DeInit                                        Libraries\STM32F0xx_StdPeriph_Driver\src\stm32f0xx_crc.o
CRC_GetCRC                                        Libraries\STM32F0xx_StdPeriph_Driver\src\stm32f0xx_crc.o
CRC_GetIDRegister                                 Libraries\STM32F0xx_StdPeriph_Driver\src\stm32f0xx_crc.o
CRC_PolynomialSizeSelect                          Libraries\STM32F0xx_StdPeriph_Driver\src\stm32f0xx_crc.o
CRC_ResetDR                                       Libraries\STM32F0xx_StdPeriph_Driver\src\stm32f0xx_crc.o
CRC_ReverseInputDataSelect                        Libraries\STM32F0xx_StdPeriph_Driver\src\stm32f0xx_crc.o
CRC_ReverseOutputDataCmd                          Libraries\STM32F0xx_StdPeriph_Driver\src\stm32f0xx_crc.o
CRC_SetIDRegister                                 Libraries\STM32F0xx_StdPeriph_Driver\src\stm32f0xx_crc.o
CRC_SetInitRegister                               Libraries\STM32F0xx_StdPeriph_Driver\src\stm32f0xx_crc.o
CRC_SetPolynomial                                 Libraries\STM32F0xx_StdPeriph_Driver\src\stm32f0xx_crc.o
CRS_AdjustHSI48CalibrationValue                   Libraries\STM32F0xx_StdPeriph_Driver\src\stm32f0xx_crs.o
CRS_AutomaticCalibrationCmd                       Libraries\STM32F0xx_StdPeriph_Driver\src\stm32f0xx_crs.o
CRS_ClearFlag                                     Libraries\STM32F0xx_StdPeriph_Driver\src\stm32f0xx_crs.o
CRS_ClearITPendingBit                             Libraries\STM32F0xx_StdPeriph_Driver\src\stm32f0xx_crs.o
CRS_DeInit                                        Libraries\STM32F0xx_StdPeriph_Driver\src\stm32f0xx_crs.o
CRS_FrequencyErrorCounterCmd                      Libraries\STM32F0xx_StdPeriph_Driver\src\stm32f0xx_crs.o
CRS_FrequencyErrorCounterReload                   Libraries\STM32F0xx_StdPeriph_Driver\src\stm32f0xx_crs.o
CRS_FrequencyErrorLimitConfig                     Libraries\STM32F0xx_StdPeriph_Driver\src\stm32f0xx_crs.o
CRS_GetFlagStatus                                 Libraries\STM32F0xx_StdPeriph_Driver\src\stm32f0xx_crs.o
CRS_GetFrequencyErrorDirection                    Libraries\STM32F0xx_StdPeriph_Driver\src\stm32f0xx_crs.o
CRS_GetFrequencyErrorValue                        Libraries\STM32F0xx_StdPeriph_Driver\src\stm32f0xx_crs.o
CRS_GetHSI48CalibrationValue                      Libraries\STM32F0xx_StdPeriph_Driver\src\stm32f0xx_crs.o
CRS_GetITStatus                                   Libraries\STM32F0xx_StdPeriph_Driver\src\stm32f0xx_crs.o
CRS_GetReloadValue                                Libraries\STM32F0xx_StdPeriph_Driver\src\stm32f0xx_crs.o
CRS_ITConfig                                      Libraries\STM32F0xx_StdPeriph_Driver\src\stm32f0xx_crs.o
CRS_SoftwareSynchronizationGenerate               Libraries\STM32F0xx_StdPeriph_Driver\src\stm32f0xx_crs.o
CRS_SynchronizationPolarityConfig                 Libraries\STM32F0xx_StdPeriph_Driver\src\stm32f0xx_crs.o
CRS_SynchronizationPrescalerConfig                Libraries\STM32F0xx_StdPeriph_Driver\src\stm32f0xx_crs.o
CRS_SynchronizationSourceConfig                   Libraries\STM32F0xx_StdPeriph_Driver\src\stm32f0xx_crs.o
DAC_ClearFlag                                     Libraries\STM32F0xx_StdPeriph_Driver\src\stm32f0xx_dac.o
DAC_ClearITPendingBit                             Libraries\STM32F0xx_StdPeriph_Driver\src\stm32f0xx_dac.o
DAC_Cmd                                           Libraries\STM32F0xx_StdPeriph_Driver\src\stm32f0xx_dac.o
DAC_DMACmd                                        Libraries\STM32F0xx_StdPeriph_Driver\src\stm32f0xx_dac.o
DAC_DeInit                                        Libraries\STM32F0xx_StdPeriph_Driver\src\stm32f0xx_dac.o
DAC_DualSoftwareTriggerCmd                        Libraries\STM32F0xx_StdPeriph_Driver\src\stm32f0xx_dac.o
DAC_GetDataOutputValue                            Libraries\STM32F0xx_StdPeriph_Driver\src\stm32f0xx_dac.o
DAC_GetFlagStatus                                 Libraries\STM32F0xx_StdPeriph_Driver\src\stm32f0xx_dac.o
DAC_GetITStatus                                   Libraries\STM32F0xx_StdPeriph_Driver\src\stm32f0xx_dac.o
DAC_ITConfig                                      Libraries\STM32F0xx_StdPeriph_Driver\src\stm32f0xx_dac.o
DAC_Init                                          Libraries\STM32F0xx_StdPeriph_Driver\src\stm32f0xx_dac.o
DAC_SetChannel1Data                               Libraries\STM32F0xx_StdPeriph_Driver\src\stm32f0xx_dac.o
DAC_SetChannel2Data                               Libraries\STM32F0xx_StdPeriph_Driver\src\stm32f0xx_dac.o
DAC_SetDualChannelData                            Libraries\STM32F0xx_StdPeriph_Driver\src\stm32f0xx_dac.o
DAC_SoftwareTriggerCmd                            Libraries\STM32F0xx_StdPeriph_Driver\src\stm32f0xx_dac.o
DAC_StructInit                                    Libraries\STM32F0xx_StdPeriph_Driver\src\stm32f0xx_dac.o
DAC_WaveGenerationCmd                             Libraries\STM32F0xx_StdPeriph_Driver\src\stm32f0xx_dac.o
DBGMCU_APB1PeriphConfig                           Libraries\STM32F0xx_StdPeriph_Driver\src\stm32f0xx_dbgmcu.o
DBGMCU_APB2PeriphConfig                           Libraries\STM32F0xx_StdPeriph_Driver\src\stm32f0xx_dbgmcu.o
DBGMCU_Config                                     Libraries\STM32F0xx_StdPeriph_Driver\src\stm32f0xx_dbgmcu.o
DBGMCU_GetDEVID                                   Libraries\STM32F0xx_StdPeriph_Driver\src\stm32f0xx_dbgmcu.o
DBGMCU_GetREVID                                   Libraries\STM32F0xx_StdPeriph_Driver\src\stm32f0xx_dbgmcu.o
DHT_busy                                          src\DHT22.o
DHT_busy_get                                      src\DHT22.o
DHT_main                                          src\DHT22.o
DHT_main_int                                      src\DHT22.o
                                                  src\timer3.o
DHT_reset                                         src\DHT22.o
DHT_timer                                         src\DHT22.o
DHTcmd                                            src\DHT22.o
DHTdata_cnt                                       src\DHT22.o
DHTdata_r                                         src\DHT22.o
DHTdata_w                                         src\DHT22.o
DHTn                                              src\DHT22.o
DMA1_Channel1_IRQHandler                          src\startup_stm32f0xx.o
DMA1_Channel2_3_IRQHandler                        src\startup_stm32f0xx.o
DMA1_Channel4_5_IRQHandler                        src\startup_stm32f0xx.o
DMA_ClearFlag                                     Libraries\STM32F0xx_StdPeriph_Driver\src\stm32f0xx_dma.o
DMA_ClearITPendingBit                             Libraries\STM32F0xx_StdPeriph_Driver\src\stm32f0xx_dma.o
DMA_Cmd                                           Libraries\STM32F0xx_StdPeriph_Driver\src\stm32f0xx_dma.o
DMA_DeInit                                        Libraries\STM32F0xx_StdPeriph_Driver\src\stm32f0xx_dma.o
DMA_GetCurrDataCounter                            Libraries\STM32F0xx_StdPeriph_Driver\src\stm32f0xx_dma.o
DMA_GetFlagStatus                                 Libraries\STM32F0xx_StdPeriph_Driver\src\stm32f0xx_dma.o
DMA_GetITStatus                                   Libraries\STM32F0xx_StdPeriph_Driver\src\stm32f0xx_dma.o
DMA_ITConfig                                      Libraries\STM32F0xx_StdPeriph_Driver\src\stm32f0xx_dma.o
DMA_Init                                          Libraries\STM32F0xx_StdPeriph_Driver\src\stm32f0xx_dma.o
DMA_SetCurrDataCounter                            Libraries\STM32F0xx_StdPeriph_Driver\src\stm32f0xx_dma.o
DMA_StructInit                                    Libraries\STM32F0xx_StdPeriph_Driver\src\stm32f0xx_dma.o
DebugMon_Handler                                  src\stm32f0xx_it.o
Default_Handler                                   src\startup_stm32f0xx.o
EXTI0_1_IRQHandler                                src\startup_stm32f0xx.o
EXTI2_3_IRQHandler                                src\startup_stm32f0xx.o
EXTI4_15_IRQHandler                               src\startup_stm32f0xx.o
EXTI_ClearFlag                                    Libraries\STM32F0xx_StdPeriph_Driver\src\stm32f0xx_exti.o
EXTI_ClearITPendingBit                            Libraries\STM32F0xx_StdPeriph_Driver\src\stm32f0xx_exti.o
EXTI_DeInit                                       Libraries\STM32F0xx_StdPeriph_Driver\src\stm32f0xx_exti.o
EXTI_GenerateSWInterrupt                          Libraries\STM32F0xx_StdPeriph_Driver\src\stm32f0xx_exti.o
EXTI_GetFlagStatus                                Libraries\STM32F0xx_StdPeriph_Driver\src\stm32f0xx_exti.o
EXTI_GetITStatus                                  Libraries\STM32F0xx_StdPeriph_Driver\src\stm32f0xx_exti.o
EXTI_Init                                         Libraries\STM32F0xx_StdPeriph_Driver\src\stm32f0xx_exti.o
EXTI_StructInit                                   Libraries\STM32F0xx_StdPeriph_Driver\src\stm32f0xx_exti.o
FLASH_ClearFlag                                   Libraries\STM32F0xx_StdPeriph_Driver\src\stm32f0xx_flash.o
                                                  src\flash_if.o
FLASH_EraseAllPages                               Libraries\STM32F0xx_StdPeriph_Driver\src\stm32f0xx_flash.o
FLASH_ErasePage                                   Libraries\STM32F0xx_StdPeriph_Driver\src\stm32f0xx_flash.o
                                                  src\bootloader.o
                                                  src\flash_if.o
FLASH_GetFlagStatus                               Libraries\STM32F0xx_StdPeriph_Driver\src\stm32f0xx_flash.o
FLASH_GetPrefetchBufferStatus                     Libraries\STM32F0xx_StdPeriph_Driver\src\stm32f0xx_flash.o
FLASH_GetStatus                                   Libraries\STM32F0xx_StdPeriph_Driver\src\stm32f0xx_flash.o
FLASH_IRQHandler                                  src\startup_stm32f0xx.o
FLASH_ITConfig                                    Libraries\STM32F0xx_StdPeriph_Driver\src\stm32f0xx_flash.o
FLASH_If_DisableWriteProtection                   src\flash_if.o
FLASH_If_Erase                                    src\flash_if.o
FLASH_If_GetWriteProtectionStatus                 src\flash_if.o
FLASH_If_Init                                     src\flash_if.o
                                                  src\bootloader.o
FLASH_If_Write                                    src\flash_if.o
                                                  src\bootloader.o
FLASH_Lock                                        Libraries\STM32F0xx_StdPeriph_Driver\src\stm32f0xx_flash.o
                                                  src\bootloader.o
FLASH_OB_BOOT0Config                              Libraries\STM32F0xx_StdPeriph_Driver\src\stm32f0xx_flash.o
FLASH_OB_BOOT0SWConfig                            Libraries\STM32F0xx_StdPeriph_Driver\src\stm32f0xx_flash.o
FLASH_OB_BOOTConfig                               Libraries\STM32F0xx_StdPeriph_Driver\src\stm32f0xx_flash.o
FLASH_OB_EnableWRP                                Libraries\STM32F0xx_StdPeriph_Driver\src\stm32f0xx_flash.o
                                                  src\flash_if.o
FLASH_OB_Erase                                    Libraries\STM32F0xx_StdPeriph_Driver\src\stm32f0xx_flash.o
                                                  src\flash_if.o
FLASH_OB_GetRDP                                   Libraries\STM32F0xx_StdPeriph_Driver\src\stm32f0xx_flash.o
FLASH_OB_GetUser                                  Libraries\STM32F0xx_StdPeriph_Driver\src\stm32f0xx_flash.o
FLASH_OB_GetWRP                                   Libraries\STM32F0xx_StdPeriph_Driver\src\stm32f0xx_flash.o
                                                  src\flash_if.o
FLASH_OB_Launch                                   Libraries\STM32F0xx_StdPeriph_Driver\src\stm32f0xx_flash.o
FLASH_OB_Lock                                     Libraries\STM32F0xx_StdPeriph_Driver\src\stm32f0xx_flash.o
FLASH_OB_ProgramData                              Libraries\STM32F0xx_StdPeriph_Driver\src\stm32f0xx_flash.o
FLASH_OB_RDPConfig                                Libraries\STM32F0xx_StdPeriph_Driver\src\stm32f0xx_flash.o
FLASH_OB_SRAMParityConfig                         Libraries\STM32F0xx_StdPeriph_Driver\src\stm32f0xx_flash.o
FLASH_OB_Unlock                                   Libraries\STM32F0xx_StdPeriph_Driver\src\stm32f0xx_flash.o
                                                  src\flash_if.o
FLASH_OB_UserConfig                               Libraries\STM32F0xx_StdPeriph_Driver\src\stm32f0xx_flash.o
FLASH_OB_VDDAConfig                               Libraries\STM32F0xx_StdPeriph_Driver\src\stm32f0xx_flash.o
FLASH_OB_WriteUser                                Libraries\STM32F0xx_StdPeriph_Driver\src\stm32f0xx_flash.o
FLASH_PrefetchBufferCmd                           Libraries\STM32F0xx_StdPeriph_Driver\src\stm32f0xx_flash.o
FLASH_ProgramHalfWord                             Libraries\STM32F0xx_StdPeriph_Driver\src\stm32f0xx_flash.o
FLASH_ProgramWord                                 Libraries\STM32F0xx_StdPeriph_Driver\src\stm32f0xx_flash.o
                                                  src\flash_if.o
FLASH_SetLatency                                  Libraries\STM32F0xx_StdPeriph_Driver\src\stm32f0xx_flash.o
FLASH_Unlock                                      Libraries\STM32F0xx_StdPeriph_Driver\src\stm32f0xx_flash.o
                                                  src\bootloader.o
                                                  src\flash_if.o
FLASH_WaitForLastOperation                        Libraries\STM32F0xx_StdPeriph_Driver\src\stm32f0xx_flash.o
GPIO_DeInit                                       Libraries\STM32F0xx_StdPeriph_Driver\src\stm32f0xx_gpio.o
GPIO_Init                                         Libraries\STM32F0xx_StdPeriph_Driver\src\stm32f0xx_gpio.o
                                                  src\i2c.o
                                                  src\main.o
                                                  src\usart.o
GPIO_PinAFConfig                                  Libraries\STM32F0xx_StdPeriph_Driver\src\stm32f0xx_gpio.o
                                                  src\i2c.o
                                                  src\main.o
                                                  src\usart.o
GPIO_PinLockConfig                                Libraries\STM32F0xx_StdPeriph_Driver\src\stm32f0xx_gpio.o
GPIO_ReadInputData                                Libraries\STM32F0xx_StdPeriph_Driver\src\stm32f0xx_gpio.o
GPIO_ReadInputDataBit                             Libraries\STM32F0xx_StdPeriph_Driver\src\stm32f0xx_gpio.o
GPIO_ReadOutputData                               Libraries\STM32F0xx_StdPeriph_Driver\src\stm32f0xx_gpio.o
GPIO_ReadOutputDataBit                            Libraries\STM32F0xx_StdPeriph_Driver\src\stm32f0xx_gpio.o
GPIO_ResetBits                                    Libraries\STM32F0xx_StdPeriph_Driver\src\stm32f0xx_gpio.o
GPIO_SetBits                                      Libraries\STM32F0xx_StdPeriph_Driver\src\stm32f0xx_gpio.o
GPIO_StructInit                                   Libraries\STM32F0xx_StdPeriph_Driver\src\stm32f0xx_gpio.o
GPIO_Write                                        Libraries\STM32F0xx_StdPeriph_Driver\src\stm32f0xx_gpio.o
GPIO_WriteBit                                     Libraries\STM32F0xx_StdPeriph_Driver\src\stm32f0xx_gpio.o
HardFault_Handler                                 src\stm32f0xx_it.o
I2C1_IRQHandler                                   src\startup_stm32f0xx.o
I2C2_IRQHandler                                   src\i2c.o
                                                  src\startup_stm32f0xx.o
I2C2_init                                         src\i2c.o
                                                  src\main.o
I2C_10BitAddressHeaderCmd                         Libraries\STM32F0xx_StdPeriph_Driver\src\stm32f0xx_i2c.o
I2C_10BitAddressingModeCmd                        Libraries\STM32F0xx_StdPeriph_Driver\src\stm32f0xx_i2c.o
I2C_AcknowledgeConfig                             Libraries\STM32F0xx_StdPeriph_Driver\src\stm32f0xx_i2c.o
I2C_AutoEndCmd                                    Libraries\STM32F0xx_StdPeriph_Driver\src\stm32f0xx_i2c.o
                                                  src\i2c.o
I2C_CalculatePEC                                  Libraries\STM32F0xx_StdPeriph_Driver\src\stm32f0xx_i2c.o
I2C_ClearFlag                                     Libraries\STM32F0xx_StdPeriph_Driver\src\stm32f0xx_i2c.o
I2C_ClearITPendingBit                             Libraries\STM32F0xx_StdPeriph_Driver\src\stm32f0xx_i2c.o
I2C_ClockTimeoutCmd                               Libraries\STM32F0xx_StdPeriph_Driver\src\stm32f0xx_i2c.o
I2C_Cmd                                           Libraries\STM32F0xx_StdPeriph_Driver\src\stm32f0xx_i2c.o
                                                  src\i2c.o
I2C_DMACmd                                        Libraries\STM32F0xx_StdPeriph_Driver\src\stm32f0xx_i2c.o
I2C_DeInit                                        Libraries\STM32F0xx_StdPeriph_Driver\src\stm32f0xx_i2c.o
                                                  src\i2c.o
I2C_DualAddressCmd                                Libraries\STM32F0xx_StdPeriph_Driver\src\stm32f0xx_i2c.o
I2C_ExtendedClockTimeoutCmd                       Libraries\STM32F0xx_StdPeriph_Driver\src\stm32f0xx_i2c.o
I2C_GeneralCallCmd                                Libraries\STM32F0xx_StdPeriph_Driver\src\stm32f0xx_i2c.o
I2C_GenerateSTART                                 Libraries\STM32F0xx_StdPeriph_Driver\src\stm32f0xx_i2c.o
I2C_GenerateSTOP                                  Libraries\STM32F0xx_StdPeriph_Driver\src\stm32f0xx_i2c.o
I2C_GetAddressMatched                             Libraries\STM32F0xx_StdPeriph_Driver\src\stm32f0xx_i2c.o
I2C_GetFlagStatus                                 Libraries\STM32F0xx_StdPeriph_Driver\src\stm32f0xx_i2c.o
I2C_GetITStatus                                   Libraries\STM32F0xx_StdPeriph_Driver\src\stm32f0xx_i2c.o
I2C_GetPEC                                        Libraries\STM32F0xx_StdPeriph_Driver\src\stm32f0xx_i2c.o
I2C_GetTransferDirection                          Libraries\STM32F0xx_StdPeriph_Driver\src\stm32f0xx_i2c.o
I2C_ITConfig                                      Libraries\STM32F0xx_StdPeriph_Driver\src\stm32f0xx_i2c.o
                                                  src\i2c.o
I2C_IdleClockTimeoutCmd                           Libraries\STM32F0xx_StdPeriph_Driver\src\stm32f0xx_i2c.o
I2C_Init                                          Libraries\STM32F0xx_StdPeriph_Driver\src\stm32f0xx_i2c.o
                                                  src\i2c.o
I2C_MasterRequestConfig                           Libraries\STM32F0xx_StdPeriph_Driver\src\stm32f0xx_i2c.o
I2C_NumberOfBytesConfig                           Libraries\STM32F0xx_StdPeriph_Driver\src\stm32f0xx_i2c.o
I2C_OwnAddress2Config                             Libraries\STM32F0xx_StdPeriph_Driver\src\stm32f0xx_i2c.o
I2C_PECRequestCmd                                 Libraries\STM32F0xx_StdPeriph_Driver\src\stm32f0xx_i2c.o
I2C_Read                                          src\i2c.o
                                                  src\se95.o
I2C_ReadRegister                                  Libraries\STM32F0xx_StdPeriph_Driver\src\stm32f0xx_i2c.o
I2C_Read_Wait                                     src\i2c.o
I2C_ReceiveData                                   Libraries\STM32F0xx_StdPeriph_Driver\src\stm32f0xx_i2c.o
                                                  src\i2c.o
I2C_ReloadCmd                                     Libraries\STM32F0xx_StdPeriph_Driver\src\stm32f0xx_i2c.o
                                                  src\i2c.o
I2C_SMBusAlertCmd                                 Libraries\STM32F0xx_StdPeriph_Driver\src\stm32f0xx_i2c.o
I2C_SendData                                      Libraries\STM32F0xx_StdPeriph_Driver\src\stm32f0xx_i2c.o
                                                  src\i2c.o
I2C_SlaveAddressConfig                            Libraries\STM32F0xx_StdPeriph_Driver\src\stm32f0xx_i2c.o
I2C_SlaveByteControlCmd                           Libraries\STM32F0xx_StdPeriph_Driver\src\stm32f0xx_i2c.o
I2C_SoftwareResetCmd                              Libraries\STM32F0xx_StdPeriph_Driver\src\stm32f0xx_i2c.o
I2C_StopModeCmd                                   Libraries\STM32F0xx_StdPeriph_Driver\src\stm32f0xx_i2c.o
I2C_StretchClockCmd                               Libraries\STM32F0xx_StdPeriph_Driver\src\stm32f0xx_i2c.o
I2C_StructInit                                    Libraries\STM32F0xx_StdPeriph_Driver\src\stm32f0xx_i2c.o
I2C_TimeoutAConfig                                Libraries\STM32F0xx_StdPeriph_Driver\src\stm32f0xx_i2c.o
I2C_TimeoutBConfig                                Libraries\STM32F0xx_StdPeriph_Driver\src\stm32f0xx_i2c.o
I2C_TransferHandling                              Libraries\STM32F0xx_StdPeriph_Driver\src\stm32f0xx_i2c.o
                                                  src\i2c.o
I2C_Write                                         src\i2c.o
I2C_Write_Wait                                    src\i2c.o
I2S_Cmd                                           Libraries\STM32F0xx_StdPeriph_Driver\src\stm32f0xx_spi.o
I2S_Init                                          Libraries\STM32F0xx_StdPeriph_Driver\src\stm32f0xx_spi.o
I2S_StructInit                                    Libraries\STM32F0xx_StdPeriph_Driver\src\stm32f0xx_spi.o
IWDG_Enable                                       Libraries\STM32F0xx_StdPeriph_Driver\src\stm32f0xx_iwdg.o
                                                  src\bootloader.o
IWDG_GetFlagStatus                                Libraries\STM32F0xx_StdPeriph_Driver\src\stm32f0xx_iwdg.o
IWDG_ReloadCounter                                Libraries\STM32F0xx_StdPeriph_Driver\src\stm32f0xx_iwdg.o
IWDG_SetPrescaler                                 Libraries\STM32F0xx_StdPeriph_Driver\src\stm32f0xx_iwdg.o
IWDG_SetReload                                    Libraries\STM32F0xx_StdPeriph_Driver\src\stm32f0xx_iwdg.o
IWDG_SetWindowValue                               Libraries\STM32F0xx_StdPeriph_Driver\src\stm32f0xx_iwdg.o
IWDG_WriteAccessCmd                               Libraries\STM32F0xx_StdPeriph_Driver\src\stm32f0xx_iwdg.o
MemManage_Handler                                 src\stm32f0xx_it.o
NMI_Handler                                       src\stm32f0xx_it.o
NVIC_Init                                         Libraries\STM32F0xx_StdPeriph_Driver\src\stm32f0xx_misc.o
                                                  src\i2c.o
                                                  src\timer3.o
                                                  src\usart1.o
                                                  src\usart2.o
NVIC_SystemLPConfig                               Libraries\STM32F0xx_StdPeriph_Driver\src\stm32f0xx_misc.o
OW_busy                                           src\one_wire.o
OW_busy_get                                       src\one_wire.o
                                                  src\ds1820.o
OW_get_result                                     src\one_wire.o
                                                  src\ds1820.o
OW_read                                           src\one_wire.o
                                                  src\ds1820.o
OW_reset                                          src\one_wire.o
                                                  src\ds1820.o
OW_write                                          src\one_wire.o
                                                  src\ds1820.o
PVD_IRQHandler                                    src\startup_stm32f0xx.o
PWR_BackupAccessCmd                               Libraries\STM32F0xx_StdPeriph_Driver\src\stm32f0xx_pwr.o
PWR_ClearFlag                                     Libraries\STM32F0xx_StdPeriph_Driver\src\stm32f0xx_pwr.o
PWR_DeInit                                        Libraries\STM32F0xx_StdPeriph_Driver\src\stm32f0xx_pwr.o
PWR_EnterSTANDBYMode                              Libraries\STM32F0xx_StdPeriph_Driver\src\stm32f0xx_pwr.o
PWR_EnterSTOPMode                                 Libraries\STM32F0xx_StdPeriph_Driver\src\stm32f0xx_pwr.o
PWR_EnterSleepMode                                Libraries\STM32F0xx_StdPeriph_Driver\src\stm32f0xx_pwr.o
PWR_GetFlagStatus                                 Libraries\STM32F0xx_StdPeriph_Driver\src\stm32f0xx_pwr.o
PWR_PVDCmd                                        Libraries\STM32F0xx_StdPeriph_Driver\src\stm32f0xx_pwr.o
PWR_PVDLevelConfig                                Libraries\STM32F0xx_StdPeriph_Driver\src\stm32f0xx_pwr.o
PWR_WakeUpPinCmd                                  Libraries\STM32F0xx_StdPeriph_Driver\src\stm32f0xx_pwr.o
PendSV_Handler                                    src\stm32f0xx_it.o
RCC_ADCCLKConfig                                  Libraries\STM32F0xx_StdPeriph_Driver\src\stm32f0xx_rcc.o
RCC_AHBPeriphClockCmd                             Libraries\STM32F0xx_StdPeriph_Driver\src\stm32f0xx_rcc.o
                                                  src\i2c.o
                                                  src\main.o
                                                  src\usart.o
RCC_AHBPeriphResetCmd                             Libraries\STM32F0xx_StdPeriph_Driver\src\stm32f0xx_rcc.o
                                                  Libraries\STM32F0xx_StdPeriph_Driver\src\stm32f0xx_gpio.o
RCC_APB1PeriphClockCmd                            Libraries\STM32F0xx_StdPeriph_Driver\src\stm32f0xx_rcc.o
                                                  src\i2c.o
                                                  src\main.o
                                                  src\timer3.o
                                                  src\usart.o
RCC_APB1PeriphResetCmd                            Libraries\STM32F0xx_StdPeriph_Driver\src\stm32f0xx_rcc.o
                                                  Libraries\STM32F0xx_StdPeriph_Driver\src\stm32f0xx_can.o
                                                  Libraries\STM32F0xx_StdPeriph_Driver\src\stm32f0xx_cec.o
                                                  Libraries\STM32F0xx_StdPeriph_Driver\src\stm32f0xx_crs.o
                                                  Libraries\STM32F0xx_StdPeriph_Driver\src\stm32f0xx_dac.o
                                                  Libraries\STM32F0xx_StdPeriph_Driver\src\stm32f0xx_i2c.o
                                                  Libraries\STM32F0xx_StdPeriph_Driver\src\stm32f0xx_pwr.o
                                                  Libraries\STM32F0xx_StdPeriph_Driver\src\stm32f0xx_spi.o
                                                  Libraries\STM32F0xx_StdPeriph_Driver\src\stm32f0xx_tim.o
                                                  Libraries\STM32F0xx_StdPeriph_Driver\src\stm32f0xx_usart.o
                                                  Libraries\STM32F0xx_StdPeriph_Driver\src\stm32f0xx_wwdg.o
RCC_APB2PeriphClockCmd                            Libraries\STM32F0xx_StdPeriph_Driver\src\stm32f0xx_rcc.o
                                                  src\bootloader.o
                                                  src\main.o
                                                  src\usart.o
RCC_APB2PeriphResetCmd                            Libraries\STM32F0xx_StdPeriph_Driver\src\stm32f0xx_rcc.o
                                                  Libraries\STM32F0xx_StdPeriph_Driver\src\stm32f0xx_adc.o
                                                  Libraries\STM32F0xx_StdPeriph_Driver\src\stm32f0xx_spi.o
                                                  Libraries\STM32F0xx_StdPeriph_Driver\src\stm32f0xx_tim.o
                                                  Libraries\STM32F0xx_StdPeriph_Driver\src\stm32f0xx_usart.o
RCC_AdjustHSI14CalibrationValue                   Libraries\STM32F0xx_StdPeriph_Driver\src\stm32f0xx_rcc.o
RCC_AdjustHSICalibrationValue                     Libraries\STM32F0xx_StdPeriph_Driver\src\stm32f0xx_rcc.o
RCC_BackupResetCmd                                Libraries\STM32F0xx_StdPeriph_Driver\src\stm32f0xx_rcc.o
RCC_CECCLKConfig                                  Libraries\STM32F0xx_StdPeriph_Driver\src\stm32f0xx_rcc.o
RCC_ClearFlag                                     Libraries\STM32F0xx_StdPeriph_Driver\src\stm32f0xx_rcc.o
RCC_ClearITPendingBit                             Libraries\STM32F0xx_StdPeriph_Driver\src\stm32f0xx_rcc.o
RCC_ClockSecuritySystemCmd                        Libraries\STM32F0xx_StdPeriph_Driver\src\stm32f0xx_rcc.o
RCC_DeInit                                        Libraries\STM32F0xx_StdPeriph_Driver\src\stm32f0xx_rcc.o
RCC_GetClocksFreq                                 Libraries\STM32F0xx_StdPeriph_Driver\src\stm32f0xx_rcc.o
                                                  Libraries\STM32F0xx_StdPeriph_Driver\src\stm32f0xx_spi.o
                                                  Libraries\STM32F0xx_StdPeriph_Driver\src\stm32f0xx_usart.o
                                                  src\timer.o
RCC_GetFlagStatus                                 Libraries\STM32F0xx_StdPeriph_Driver\src\stm32f0xx_rcc.o
RCC_GetITStatus                                   Libraries\STM32F0xx_StdPeriph_Driver\src\stm32f0xx_rcc.o
RCC_GetSYSCLKSource                               Libraries\STM32F0xx_StdPeriph_Driver\src\stm32f0xx_rcc.o
RCC_HCLKConfig                                    Libraries\STM32F0xx_StdPeriph_Driver\src\stm32f0xx_rcc.o
RCC_HSEConfig                                     Libraries\STM32F0xx_StdPeriph_Driver\src\stm32f0xx_rcc.o
RCC_HSI14ADCRequestCmd                            Libraries\STM32F0xx_StdPeriph_Driver\src\stm32f0xx_rcc.o
RCC_HSI14Cmd                                      Libraries\STM32F0xx_StdPeriph_Driver\src\stm32f0xx_rcc.o
RCC_HSI48Cmd                                      Libraries\STM32F0xx_StdPeriph_Driver\src\stm32f0xx_rcc.o
RCC_HSICmd                                        Libraries\STM32F0xx_StdPeriph_Driver\src\stm32f0xx_rcc.o
RCC_I2CCLKConfig                                  Libraries\STM32F0xx_StdPeriph_Driver\src\stm32f0xx_rcc.o
RCC_IRQHandler                                    src\startup_stm32f0xx.o
RCC_ITConfig                                      Libraries\STM32F0xx_StdPeriph_Driver\src\stm32f0xx_rcc.o
RCC_LSEConfig                                     Libraries\STM32F0xx_StdPeriph_Driver\src\stm32f0xx_rcc.o
RCC_LSEDriveConfig                                Libraries\STM32F0xx_StdPeriph_Driver\src\stm32f0xx_rcc.o
RCC_LSICmd                                        Libraries\STM32F0xx_StdPeriph_Driver\src\stm32f0xx_rcc.o
RCC_MCOConfig                                     Libraries\STM32F0xx_StdPeriph_Driver\src\stm32f0xx_rcc.o
RCC_PCLKConfig                                    Libraries\STM32F0xx_StdPeriph_Driver\src\stm32f0xx_rcc.o
RCC_PLLCmd                                        Libraries\STM32F0xx_StdPeriph_Driver\src\stm32f0xx_rcc.o
RCC_PLLConfig                                     Libraries\STM32F0xx_StdPeriph_Driver\src\stm32f0xx_rcc.o
RCC_PREDIV1Config                                 Libraries\STM32F0xx_StdPeriph_Driver\src\stm32f0xx_rcc.o
RCC_RTCCLKCmd                                     Libraries\STM32F0xx_StdPeriph_Driver\src\stm32f0xx_rcc.o
RCC_RTCCLKConfig                                  Libraries\STM32F0xx_StdPeriph_Driver\src\stm32f0xx_rcc.o
RCC_SYSCLKConfig                                  Libraries\STM32F0xx_StdPeriph_Driver\src\stm32f0xx_rcc.o
RCC_USARTCLKConfig                                Libraries\STM32F0xx_StdPeriph_Driver\src\stm32f0xx_rcc.o
RCC_USBCLKConfig                                  Libraries\STM32F0xx_StdPeriph_Driver\src\stm32f0xx_rcc.o
RCC_WaitForHSEStartUp                             Libraries\STM32F0xx_StdPeriph_Driver\src\stm32f0xx_rcc.o
RTC_AlarmCmd                                      Libraries\STM32F0xx_StdPeriph_Driver\src\stm32f0xx_rtc.o
RTC_AlarmStructInit                               Libraries\STM32F0xx_StdPeriph_Driver\src\stm32f0xx_rtc.o
RTC_AlarmSubSecondConfig                          Libraries\STM32F0xx_StdPeriph_Driver\src\stm32f0xx_rtc.o
RTC_BypassShadowCmd                               Libraries\STM32F0xx_StdPeriph_Driver\src\stm32f0xx_rtc.o
RTC_CalibOutputCmd                                Libraries\STM32F0xx_StdPeriph_Driver\src\stm32f0xx_rtc.o
RTC_CalibOutputConfig                             Libraries\STM32F0xx_StdPeriph_Driver\src\stm32f0xx_rtc.o
RTC_ClearFlag                                     Libraries\STM32F0xx_StdPeriph_Driver\src\stm32f0xx_rtc.o
RTC_ClearITPendingBit                             Libraries\STM32F0xx_StdPeriph_Driver\src\stm32f0xx_rtc.o
RTC_DateStructInit                                Libraries\STM32F0xx_StdPeriph_Driver\src\stm32f0xx_rtc.o
RTC_DayLightSavingConfig                          Libraries\STM32F0xx_StdPeriph_Driver\src\stm32f0xx_rtc.o
RTC_DeInit                                        Libraries\STM32F0xx_StdPeriph_Driver\src\stm32f0xx_rtc.o
RTC_EnterInitMode                                 Libraries\STM32F0xx_StdPeriph_Driver\src\stm32f0xx_rtc.o
RTC_ExitInitMode                                  Libraries\STM32F0xx_StdPeriph_Driver\src\stm32f0xx_rtc.o
RTC_GetAlarm                                      Libraries\STM32F0xx_StdPeriph_Driver\src\stm32f0xx_rtc.o
RTC_GetAlarmSubSecond                             Libraries\STM32F0xx_StdPeriph_Driver\src\stm32f0xx_rtc.o
RTC_GetDate                                       Libraries\STM32F0xx_StdPeriph_Driver\src\stm32f0xx_rtc.o
RTC_GetFlagStatus                                 Libraries\STM32F0xx_StdPeriph_Driver\src\stm32f0xx_rtc.o
RTC_GetITStatus                                   Libraries\STM32F0xx_StdPeriph_Driver\src\stm32f0xx_rtc.o
RTC_GetStoreOperation                             Libraries\STM32F0xx_StdPeriph_Driver\src\stm32f0xx_rtc.o
RTC_GetSubSecond                                  Libraries\STM32F0xx_StdPeriph_Driver\src\stm32f0xx_rtc.o
RTC_GetTime                                       Libraries\STM32F0xx_StdPeriph_Driver\src\stm32f0xx_rtc.o
RTC_GetTimeStamp                                  Libraries\STM32F0xx_StdPeriph_Driver\src\stm32f0xx_rtc.o
RTC_GetTimeStampSubSecond                         Libraries\STM32F0xx_StdPeriph_Driver\src\stm32f0xx_rtc.o
RTC_GetWakeUpCounter                              Libraries\STM32F0xx_StdPeriph_Driver\src\stm32f0xx_rtc.o
RTC_IRQHandler                                    src\startup_stm32f0xx.o
RTC_ITConfig                                      Libraries\STM32F0xx_StdPeriph_Driver\src\stm32f0xx_rtc.o
RTC_Init                                          Libraries\STM32F0xx_StdPeriph_Driver\src\stm32f0xx_rtc.o
RTC_OutputConfig                                  Libraries\STM32F0xx_StdPeriph_Driver\src\stm32f0xx_rtc.o
RTC_OutputTypeConfig                              Libraries\STM32F0xx_StdPeriph_Driver\src\stm32f0xx_rtc.o